integer      integer      string                                                             integer      short   short   integer      boolean     boolean       boolean  
oid          attrelid     attname                                                            atttypid     attlen  attnum  atttypmod    attnotnull  attisdropped  atthasdef
57           56           PART_ID                                                            1043         -1      1       8            true        false         false    
58           56           PART_NAME                                                          1043         -1      2       259          false       false         false    
59           56           PART_COLOR                                                         1043         -1      3       34           false       false         false    
60           56           PART_WEIGHT                                                        1043         -1      4       259          false       false         false    
62           61           PART_ID                                                            1043         -1      1       8            true        false         false    
64           63           SHIPPER_ID                                                         21           2       1       4            true        false         false    
65           63           SHIPPER_NAME                                                       1043         -1      2       34           false       false         false    
67           66           SHIPPER_ID                                                         21           2       1       4            true        false         false    
69           68           STATUS_ID                                                          21           2       1       4            true        false         false    
70           68           STATUS_NAME                                                        1043         -1      2       34           false       false         false    
72           71           STATUS_ID                                                          21           2       1       4            true        false         false    
74           73           SUPPLIER_ID                                                        1043         -1      1       14           true        false         false    
75           73           SUPPLIER_NAME                                                      1043         -1      2       34           false       false         false    
76           73           SUPPLIER_STATUS                                                    21           2       3       4            false       false         false    
77           73           SUPPLIER_CITY                                                      1043         -1      4       34           false       false         false    
78           73           SUPPLIER_STATE                                                     1043         -1      5       6            false       false         false    
80           79           SUPPLIER_ID                                                        1043         -1      1       14           true        false         false    
84           83           SUPPLIER_ID                                                        1043         -1      1       14           true        false         false    
85           83           PART_ID                                                            1043         -1      2       8            true        false         false    
86           83           QUANTITY                                                           21           2       3       4            false       false         false    
87           83           SHIPPER_ID                                                         21           2       4       4            false       false         false    
89           88           SUPPLIER_ID                                                        1043         -1      1       14           true        false         false    
90           88           PART_ID                                                            1043         -1      2       8            true        false         false    
97           96           VDBName                                                            1043         -1      1       259          true        false         false    
98           96           SchemaName                                                         1043         -1      2       259          false       false         false    
99           96           TableName                                                          1043         -1      3       259          true        false         false    
100          96           Name                                                               1043         -1      4       259          true        false         false    
101          96           Position                                                           23           4       5       8            true        false         false    
102          96           NameInSource                                                       1043         -1      6       259          false       false         false    
103          96           DataType                                                           1043         -1      7       104          true        false         false    
104          96           Scale                                                              23           4       8       8            true        false         false    
105          96           Length                                                             23           4       9       8            true        false         false    
106          96           IsLengthFixed                                                      16           1       10      5            true        false         false    
107          96           SupportsSelect                                                     16           1       11      5            true        false         false    
108          96           SupportsUpdates                                                    16           1       12      5            true        false         false    
109          96           IsCaseSensitive                                                    16           1       13      5            true        false         false    
110          96           IsSigned                                                           16           1       14      5            true        false         false    
111          96           IsCurrency                                                         16           1       15      5            true        false         false    
112          96           IsAutoIncremented                                                  16           1       16      5            true        false         false    
113          96           NullType                                                           1043         -1      17      24           true        false         false    
114          96           MinRange                                                           1043         -1      18      54           false       false         false    
115          96           MaxRange                                                           1043         -1      19      54           false       false         false    
116          96           DistinctCount                                                      23           4       20      8            false       false         false    
117          96           NullCount                                                          23           4       21      8            false       false         false    
118          96           SearchType                                                         1043         -1      22      24           true        false         false    
119          96           Format                                                             1043         -1      23      259          false       false         false    
120          96           DefaultValue                                                       1043         -1      24      259          false       false         false    
121          96           JavaClass                                                          1043         -1      25      504          true        false         false    
122          96           Precision                                                          23           4       26      8            true        false         false    
123          96           CharOctetLength                                                    23           4       27      8            false       false         false    
124          96           Radix                                                              23           4       28      8            true        false         false    
125          96           UID                                                                1043         -1      29      54           true        false         false    
126          96           Description                                                        1043         -1      30      259          false       false         false    
127          96           OID                                                                23           4       31      8            false       false         false    
128          96           TableUID                                                           1043         -1      32      54           true        false         false    
130          129          VDBName                                                            1043         -1      1       259          true        false         false    
131          129          SchemaName                                                         1043         -1      2       259          false       false         false    
132          129          TableName                                                          1043         -1      3       259          true        false         false    
133          129          Name                                                               1043         -1      4       259          true        false         false    
141          140          UID                                                                1043         -1      1       54           true        false         false    
143          142          Name                                                               1043         -1      1       104          true        false         false    
144          142          IsStandard                                                         16           1       2       5            false       false         false    
145          142          IsPhysical                                                         16           1       3       5            false       false         false    
146          142          TypeName                                                           1043         -1      4       104          true        false         false    
147          142          JavaClass                                                          1043         -1      5       504          true        false         false    
148          142          Scale                                                              23           4       6       8            false       false         false    
149          142          TypeLength                                                         23           4       7       8            true        false         false    
150          142          NullType                                                           1043         -1      8       24           true        false         false    
151          142          IsSigned                                                           16           1       9       5            true        false         false    
152          142          IsAutoIncremented                                                  16           1       10      5            true        false         false    
153          142          IsCaseSensitive                                                    16           1       11      5            true        false         false    
154          142          Precision                                                          23           4       12      8            true        false         false    
155          142          Radix                                                              23           4       13      8            false       false         false    
156          142          SearchType                                                         1043         -1      14      24           true        false         false    
157          142          UID                                                                1043         -1      15      54           true        false         false    
158          142          RuntimeType                                                        1043         -1      16      68           false       false         false    
159          142          BaseType                                                           1043         -1      17      68           false       false         false    
160          142          Description                                                        1043         -1      18      259          false       false         false    
161          142          OID                                                                23           4       19      8            false       false         false    
163          162          Name                                                               1043         -1      1       104          true        false         false    
165          164          UID                                                                1043         -1      1       54           true        false         false    
167          166          VDBName                                                            1043         -1      1       259          true        false         false    
168          166          SchemaName                                                         1043         -1      2       259          false       false         false    
169          166          FunctionName                                                       1043         -1      3       259          true        false         false    
170          166          FunctionUID                                                        1043         -1      4       54           true        false         false    
171          166          Name                                                               1043         -1      5       259          true        false         false    
172          166          DataType                                                           1043         -1      6       29           true        false         false    
173          166          Position                                                           23           4       7       8            true        false         false    
174          166          Type                                                               1043         -1      8       104          true        false         false    
175          166          Precision                                                          23           4       9       8            true        false         false    
176          166          TypeLength                                                         23           4       10      8            true        false         false    
177          166          Scale                                                              23           4       11      8            true        false         false    
178          166          Radix                                                              23           4       12      8            true        false         false    
179          166          NullType                                                           1043         -1      13      14           true        false         false    
180          166          UID                                                                1043         -1      14      54           false       false         false    
181          166          Description                                                        1043         -1      15      4004         false       false         false    
183          182          VDBName                                                            1043         -1      1       259          true        false         false    
184          182          SchemaName                                                         1043         -1      2       259          false       false         false    
185          182          FunctionName                                                       1043         -1      3       259          true        false         false    
186          182          Name                                                               1043         -1      4       259          true        false         false    
192          191          UID                                                                1043         -1      1       54           false       false         false    
194          193          VDBName                                                            1043         -1      1       259          true        false         false    
195          193          SchemaName                                                         1043         -1      2       259          false       false         false    
196          193          Name                                                               1043         -1      3       259          true        false         false    
197          193          NameInSource                                                       1043         -1      4       259          false       false         false    
198          193          UID                                                                1043         -1      5       54           true        false         false    
199          193          Description                                                        1043         -1      6       4004         false       false         false    
200          193          IsVarArgs                                                          16           1       7       5            false       false         false    
202          201          VDBName                                                            1043         -1      1       259          true        false         false    
203          201          SchemaName                                                         1043         -1      2       259          false       false         false    
204          201          Name                                                               1043         -1      3       259          true        false         false    
209          208          UID                                                                1043         -1      1       54           true        false         false    
211          210          F_TABLE_CATALOG                                                    1043         -1      1       260          true        false         false    
212          210          F_TABLE_SCHEMA                                                     1043         -1      2       260          true        false         false    
213          210          F_TABLE_NAME                                                       1043         -1      3       260          true        false         false    
214          210          F_GEOMETRY_COLUMN                                                  1043         -1      4       260          true        false         false    
215          210          COORD_DIMENSION                                                    23           4       5       8            true        false         false    
216          210          SRID                                                               23           4       6       8            true        false         false    
217          210          TYPE                                                               1043         -1      7       34           true        false         false    
219          218          VDBName                                                            1043         -1      1       259          true        false         false    
220          218          SchemaName                                                         1043         -1      2       259          false       false         false    
221          218          TableName                                                          1043         -1      3       2052         true        false         false    
222          218          Name                                                               1043         -1      4       259          true        false         false    
223          218          KeyName                                                            1043         -1      5       259          false       false         false    
224          218          KeyType                                                            1043         -1      6       24           true        false         false    
225          218          RefKeyUID                                                          1043         -1      7       54           false       false         false    
226          218          UID                                                                1043         -1      8       54           true        false         false    
227          218          Position                                                           23           4       9       8            false       false         false    
228          218          OID                                                                23           4       10      8            false       false         false    
229          218          TableUID                                                           1043         -1      11      54           true        false         false    
231          230          VDBName                                                            1043         -1      1       259          true        false         false    
232          230          SchemaName                                                         1043         -1      2       259          false       false         false    
233          230          TableName                                                          1043         -1      3       2052         true        false         false    
234          230          Name                                                               1043         -1      4       259          true        false         false    
242          241          UID                                                                1043         -1      1       54           true        false         false    
244          243          VDBName                                                            1043         -1      1       259          true        false         false    
245          243          SchemaName                                                         1043         -1      2       259          false       false         false    
246          243          TableName                                                          1043         -1      3       2052         true        false         false    
247          243          Name                                                               1043         -1      4       259          true        false         false    
248          243          Description                                                        1043         -1      5       259          false       false         false    
249          243          NameInSource                                                       1043         -1      6       259          false       false         false    
250          243          Type                                                               1043         -1      7       24           true        false         false    
251          243          IsIndexed                                                          16           1       8       5            true        false         false    
252          243          RefKeyUID                                                          1043         -1      9       54           false       false         false    
253          243          UID                                                                1043         -1      10      54           true        false         false    
254          243          OID                                                                23           4       11      8            false       false         false    
256          255          VDBName                                                            1043         -1      1       259          true        false         false    
257          255          SchemaName                                                         1043         -1      2       259          false       false         false    
258          255          TableName                                                          1043         -1      3       2052         true        false         false    
259          255          Name                                                               1043         -1      4       259          true        false         false    
265          264          UID                                                                1043         -1      1       54           true        false         false    
267          266          VDBName                                                            1043         -1      1       259          true        false         false    
268          266          SchemaName                                                         1043         -1      2       259          false       false         false    
269          266          ProcedureName                                                      1043         -1      3       259          true        false         false    
270          266          Name                                                               1043         -1      4       259          true        false         false    
271          266          DataType                                                           1043         -1      5       29           true        false         false    
272          266          Position                                                           23           4       6       8            true        false         false    
273          266          Type                                                               1043         -1      7       104          true        false         false    
274          266          Optional                                                           16           1       8       5            true        false         false    
275          266          Precision                                                          23           4       9       8            true        false         false    
276          266          TypeLength                                                         23           4       10      8            true        false         false    
277          266          Scale                                                              23           4       11      8            true        false         false    
278          266          Radix                                                              23           4       12      8            true        false         false    
279          266          NullType                                                           1043         -1      13      14           true        false         false    
280          266          UID                                                                1043         -1      14      54           false       false         false    
281          266          Description                                                        1043         -1      15      259          false       false         false    
282          266          OID                                                                23           4       16      8            false       false         false    
284          283          VDBName                                                            1043         -1      1       259          true        false         false    
285          283          SchemaName                                                         1043         -1      2       259          false       false         false    
286          283          ProcedureName                                                      1043         -1      3       259          true        false         false    
287          283          Name                                                               1043         -1      4       259          true        false         false    
293          292          UID                                                                1043         -1      1       54           false       false         false    
295          294          VDBName                                                            1043         -1      1       259          true        false         false    
296          294          SchemaName                                                         1043         -1      2       259          false       false         false    
297          294          Name                                                               1043         -1      3       259          true        false         false    
298          294          NameInSource                                                       1043         -1      4       259          false       false         false    
299          294          ReturnsResults                                                     16           1       5       5            true        false         false    
300          294          UID                                                                1043         -1      6       54           true        false         false    
301          294          Description                                                        1043         -1      7       259          false       false         false    
302          294          OID                                                                23           4       8       8            false       false         false    
303          294          SchemaUID                                                          1043         -1      9       54           true        false         false    
305          304          VDBName                                                            1043         -1      1       259          true        false         false    
306          304          SchemaName                                                         1043         -1      2       259          false       false         false    
307          304          Name                                                               1043         -1      3       259          true        false         false    
314          313          UID                                                                1043         -1      1       54           true        false         false    
316          315          Name                                                               1043         -1      1       4004         true        false         false    
317          315          Value                                                              1043         -1      2       4004         true        false         false    
318          315          UID                                                                1043         -1      3       54           true        false         false    
319          315          OID                                                                23           4       4       8            false       false         false    
320          315          ClobValue                                                          14939        -1      5       2097156      false       false         false    
322          321          UID                                                                1043         -1      1       54           true        false         false    
323          321          Name                                                               1043         -1      2       4004         true        false         false    
325          324          PKTABLE_CAT                                                        1043         -1      1       259          false       false         false    
326          324          PKTABLE_SCHEM                                                      1043         -1      2       259          false       false         false    
327          324          PKTABLE_NAME                                                       1043         -1      3       259          false       false         false    
328          324          PKCOLUMN_NAME                                                      1043         -1      4       259          false       false         false    
329          324          FKTABLE_CAT                                                        1043         -1      5       259          false       false         false    
330          324          FKTABLE_SCHEM                                                      1043         -1      6       259          false       false         false    
331          324          FKTABLE_NAME                                                       1043         -1      7       259          false       false         false    
332          324          FKCOLUMN_NAME                                                      1043         -1      8       259          false       false         false    
333          324          KEY_SEQ                                                            21           2       9       6            false       false         false    
334          324          UPDATE_RULE                                                        23           4       10      8            false       false         false    
335          324          DELETE_RULE                                                        23           4       11      8            false       false         false    
336          324          FK_NAME                                                            1043         -1      12      259          false       false         false    
337          324          PK_NAME                                                            1043         -1      13      259          false       false         false    
338          324          DEFERRABILITY                                                      23           4       14      8            false       false         false    
340          339          VDBName                                                            1043         -1      1       259          false       false         false    
341          339          Name                                                               1043         -1      2       259          false       false         false    
342          339          IsPhysical                                                         16           1       3       5            true        false         false    
343          339          UID                                                                1043         -1      4       54           true        false         false    
344          339          Description                                                        1043         -1      5       259          false       false         false    
345          339          PrimaryMetamodelURI                                                1043         -1      6       259          true        false         false    
346          339          OID                                                                23           4       7       8            false       false         false    
348          347          VDBName                                                            1043         -1      1       259          false       false         false    
349          347          Name                                                               1043         -1      2       259          false       false         false    
351          350          UID                                                                1043         -1      1       54           true        false         false    
353          352          srid                                                               23           4       1       8            false       false         false    
354          352          auth_name                                                          1043         -1      2       260          false       false         false    
355          352          auth_srid                                                          23           4       3       8            false       false         false    
356          352          srtext                                                             1043         -1      4       2052         false       false         false    
357          352          proj4text                                                          1043         -1      5       2052         false       false         false    
359          358          srid                                                               23           4       1       8            false       false         false    
361          360          VDBName                                                            1043         -1      1       259          false       false         false    
362          360          SchemaName                                                         1043         -1      2       259          false       false         false    
363          360          Name                                                               1043         -1      3       259          true        false         false    
364          360          Type                                                               1043         -1      4       24           true        false         false    
365          360          NameInSource                                                       1043         -1      5       259          false       false         false    
366          360          IsPhysical                                                         16           1       6       5            true        false         false    
367          360          SupportsUpdates                                                    16           1       7       5            true        false         false    
368          360          UID                                                                1043         -1      8       54           true        false         false    
369          360          Cardinality                                                        23           4       9       8            true        false         false    
370          360          Description                                                        1043         -1      10      259          false       false         false    
371          360          IsSystem                                                           16           1       11      5            false       false         false    
372          360          IsMaterialized                                                     16           1       12      5            true        false         false    
373          360          OID                                                                23           4       13      8            false       false         false    
374          360          SchemaUID                                                          1043         -1      14      54           true        false         false    
376          375          VDBName                                                            1043         -1      1       259          false       false         false    
377          375          SchemaName                                                         1043         -1      2       259          false       false         false    
378          375          Name                                                               1043         -1      3       259          true        false         false    
385          384          UID                                                                1043         -1      1       54           true        false         false    
387          386          Name                                                               1043         -1      1       259          true        false         false    
388          386          Version                                                            1043         -1      2       54           true        false         false    
390          389          Name                                                               1043         -1      1       259          true        false         false    
391          389          Version                                                            1043         -1      2       54           true        false         false    
400          399          VDBName                                                            1043         -1      1       259          true        false         false    
401          399          SchemaName                                                         1043         -1      2       259          true        false         false    
402          399          Name                                                               1043         -1      3       259          true        false         false    
403          399          TargetSchemaName                                                   1043         -1      4       259          false       false         false    
404          399          TargetName                                                         1043         -1      5       4004         false       false         false    
405          399          Valid                                                              16           1       6       5            false       false         false    
406          399          LoadState                                                          1043         -1      7       259          false       false         false    
407          399          Updated                                                            1114         8       8       16           false       false         false    
408          399          Cardinality                                                        23           4       9       8            false       false         false    
410          409          VDBName                                                            1043         -1      1       259          true        false         false    
411          409          SchemaName                                                         1043         -1      2       259          true        false         false    
412          409          Name                                                               1043         -1      3       259          true        false         false    
414          413          VDBName                                                            1043         -1      1       259          true        false         false    
415          413          SchemaName                                                         1043         -1      2       259          true        false         false    
416          413          Name                                                               1043         -1      3       259          true        false         false    
417          413          Body                                                               14939        -1      4       2097156      true        false         false    
418          413          UID                                                                1043         -1      5       54           true        false         false    
420          419          VDBName                                                            1043         -1      1       259          true        false         false    
421          419          SchemaName                                                         1043         -1      2       259          true        false         false    
422          419          Name                                                               1043         -1      3       259          true        false         false    
424          423          UID                                                                1043         -1      1       54           true        false         false    
426          425          VDBName                                                            1043         -1      1       259          true        false         false    
427          425          SchemaName                                                         1043         -1      2       259          true        false         false    
428          425          TableName                                                          1043         -1      3       259          true        false         false    
429          425          Name                                                               1043         -1      4       259          true        false         false    
430          425          TriggerType                                                        1043         -1      5       54           true        false         false    
431          425          TriggerEvent                                                       1043         -1      6       54           true        false         false    
432          425          Status                                                             1043         -1      7       54           true        false         false    
433          425          Body                                                               14939        -1      8       2097156      false       false         false    
434          425          TableUID                                                           1043         -1      9       54           true        false         false    
436          435          VDBName                                                            1043         -1      1       259          true        false         false    
437          435          SchemaName                                                         1043         -1      2       259          true        false         false    
438          435          TableName                                                          1043         -1      3       259          true        false         false    
439          435          Name                                                               1043         -1      4       259          true        false         false    
441          440          VDBName                                                            1043         -1      1       259          true        false         false    
442          440          UID                                                                1043         -1      2       54           true        false         false    
443          440          object_type                                                        1043         -1      3       54           true        false         false    
444          440          SchemaName                                                         1043         -1      4       259          true        false         false    
445          440          Name                                                               1043         -1      5       259          true        false         false    
446          440          ElementName                                                        1043         -1      6       259          false       false         false    
447          440          Uses_UID                                                           1043         -1      7       54           true        false         false    
448          440          Uses_object_type                                                   1043         -1      8       54           true        false         false    
449          440          Uses_SchemaName                                                    1043         -1      9       259          true        false         false    
450          440          Uses_Name                                                          1043         -1      10      259          true        false         false    
451          440          Uses_ElementName                                                   1043         -1      11      259          false       false         false    
453          452          UID                                                                1043         -1      1       54           true        false         false    
454          452          Uses_UID                                                           1043         -1      2       54           true        false         false    
456          455          resourcePath                                                       1043         -1      1       259          false       false         false    
457          455          contents                                                           14939        -1      2       2147483647   false       false         false    
459          458          resourcePath                                                       1043         -1      1       259          false       false         false    
461          460          VDBName                                                            1043         -1      1       259          true        false         false    
462          460          SchemaName                                                         1043         -1      2       259          true        false         false    
463          460          Name                                                               1043         -1      3       259          true        false         false    
464          460          Body                                                               14939        -1      4       2097156      true        false         false    
465          460          UID                                                                1043         -1      5       54           true        false         false    
467          466          VDBName                                                            1043         -1      1       259          true        false         false    
468          466          SchemaName                                                         1043         -1      2       259          true        false         false    
469          466          Name                                                               1043         -1      3       259          true        false         false    
471          470          UID                                                                1043         -1      1       54           true        false         false    
532          531          oid                                                                23           4       1       8            false       false         false    
533          531          typname                                                            1043         -1      2       4004         false       false         false    
534          531          name                                                               1043         -1      3       4004         false       false         false    
535          531          uid                                                                1043         -1      4       4004         false       false         false    
536          531          typlen                                                             21           2       5       6            false       false         false    
538          537          oid                                                                23           4       1       8            false       false         false    
539          537          name                                                               1043         -1      2       4004         false       false         false    
541          540          typname                                                            1043         -1      1       4004         false       false         false    
542          540          oid                                                                23           4       2       8            false       false         false    
544          543          oid                                                                23           4       1       8            false       false         false    
545          543          amname                                                             1043         -1      2       4004         false       false         false    
547          546          adrelid                                                            23           4       1       8            false       false         false    
548          546          adnum                                                              21           2       2       6            false       false         false    
549          546          adbin                                                              1043         -1      3       4004         false       false         false    
550          546          adsrc                                                              1043         -1      4       4004         false       false         false    
552          551          oid                                                                23           4       1       8            false       false         false    
553          551          attrelid                                                           23           4       2       8            false       false         false    
554          551          attname                                                            1043         -1      3       4004         false       false         false    
555          551          atttypid                                                           23           4       4       8            false       false         false    
556          551          attlen                                                             21           2       5       6            false       false         false    
557          551          attnum                                                             21           2       6       6            false       false         false    
558          551          atttypmod                                                          23           4       7       8            false       false         false    
559          551          attnotnull                                                         16           1       8       5            false       false         false    
560          551          attisdropped                                                       16           1       9       5            false       false         false    
561          551          atthasdef                                                          16           1       10      5            false       false         false    
563          562          oid                                                                23           4       1       8            false       false         false    
565          564          oid                                                                23           4       1       8            false       false         false    
566          564          relname                                                            1043         -1      2       4004         false       false         false    
567          564          relnamespace                                                       23           4       3       8            false       false         false    
568          564          relkind                                                            1042         1       4       5            false       false         false    
569          564          relam                                                              23           4       5       8            false       false         false    
570          564          reltuples                                                          700          4       6       458759       false       false         false    
571          564          relpages                                                           23           4       7       8            false       false         false    
572          564          relhasrules                                                        16           1       8       5            false       false         false    
573          564          relhasoids                                                         16           1       9       5            false       false         false    
575          574          oid                                                                23           4       1       8            false       false         false    
577          576          oid                                                                23           4       1       8            false       false         false    
578          576          datname                                                            1043         -1      2       4004         false       false         false    
579          576          encoding                                                           23           4       3       8            false       false         false    
580          576          datlastsysoid                                                      23           4       4       8            false       false         false    
581          576          datallowconn                                                       1042         1       5       5            false       false         false    
582          576          datconfig                                                          705          -2      6       2147483647   false       false         false    
583          576          datacl                                                             705          -2      7       2147483647   false       false         false    
584          576          datdba                                                             23           4       8       8            false       false         false    
585          576          dattablespace                                                      23           4       9       8            false       false         false    
587          586          objoid                                                             23           4       1       8            false       false         false    
588          586          classoid                                                           23           4       2       8            false       false         false    
589          586          objsubid                                                           23           4       3       8            false       false         false    
590          586          description                                                        1043         -1      4       4004         false       false         false    
592          591          oid                                                                23           4       1       8            false       false         false    
593          591          indexrelid                                                         23           4       2       8            false       false         false    
594          591          indrelid                                                           23           4       3       8            false       false         false    
595          591          indnatts                                                           21           2       4       6            false       false         false    
596          591          indisclustered                                                     16           1       5       5            false       false         false    
597          591          indisunique                                                        16           1       6       5            false       false         false    
598          591          indisprimary                                                       16           1       7       5            false       false         false    
599          591          indkey                                                             <null>       <null>  8       4004         false       false         false    
600          591          indexprs                                                           1043         -1      9       4004         false       false         false    
601          591          indpred                                                            1043         -1      10      4004         false       false         false    
603          602          oid                                                                23           4       1       8            false       false         false    
605          604          oid                                                                23           4       1       8            false       false         false    
606          604          nspname                                                            1043         -1      2       4004         false       false         false    
608          607          oid                                                                23           4       1       8            false       false         false    
609          607          proname                                                            1043         -1      2       4004         false       false         false    
610          607          proretset                                                          16           1       3       5            false       false         false    
611          607          prorettype                                                         23           4       4       8            false       false         false    
612          607          pronargs                                                           21           2       5       6            false       false         false    
613          607          proargtypes                                                        <null>       <null>  6       2147483647   false       false         false    
614          607          proargnames                                                        <null>       <null>  7       2147483647   false       false         false    
615          607          proargmodes                                                        <null>       <null>  8       2147483647   false       false         false    
616          607          proallargtypes                                                     <null>       <null>  9       2147483647   false       false         false    
617          607          pronamespace                                                       23           4       10      8            false       false         false    
619          618          oid                                                                23           4       1       8            false       false         false    
621          620          oid                                                                23           4       1       8            false       false         false    
622          620          tgconstrrelid                                                      23           4       2       8            false       false         false    
623          620          tgfoid                                                             23           4       3       8            false       false         false    
624          620          tgargs                                                             23           4       4       8            false       false         false    
625          620          tgnargs                                                            23           4       5       8            false       false         false    
626          620          tgdeferrable                                                       16           1       6       5            false       false         false    
627          620          tginitdeferred                                                     16           1       7       5            false       false         false    
628          620          tgconstrname                                                       1043         -1      8       4004         false       false         false    
629          620          tgrelid                                                            23           4       9       8            false       false         false    
631          630          oid                                                                23           4       1       8            false       false         false    
632          630          typname                                                            1043         -1      2       4004         false       false         false    
633          630          typnamespace                                                       23           4       3       8            false       false         false    
634          630          typlen                                                             21           2       4       6            false       false         false    
635          630          typtype                                                            1042         1       5       5            false       false         false    
636          630          typnotnull                                                         16           1       6       5            false       false         false    
637          630          typbasetype                                                        23           4       7       8            false       false         false    
638          630          typtypmod                                                          23           4       8       8            false       false         false    
639          630          typdelim                                                           1042         1       9       5            false       false         false    
640          630          typrelid                                                           23           4       10      8            false       false         false    
641          630          typelem                                                            23           4       11      8            false       false         false    
642          630          typinput                                                           23           4       12      8            false       false         false    
644          643          oid                                                                23           4       1       8            false       false         false    
645          643          usename                                                            1043         -1      2       4004         false       false         false    
646          643          usecreatedb                                                        16           1       3       5            false       false         false    
647          643          usesuper                                                           16           1       4       5            false       false         false    
Row Count : 401
getColumnName  getColumnType  getCatalogName  getColumnClassName  getColumnLabel  getColumnTypeName  getSchemaName  getTableName  getColumnDisplaySize  getPrecision  getScale  isAutoIncrement  isCaseSensitive  isCurrency  isDefinitelyWritable  isNullable  isReadOnly  isSearchable  isSigned  isWritable  
oid            4              PartsSupplier   java.lang.Integer   oid             integer            pg_catalog     pg_attribute  11                    10            0         false            false            false       false                 1           true        true          true      false       
attrelid       4              PartsSupplier   java.lang.Integer   attrelid        integer            pg_catalog     pg_attribute  11                    10            0         false            false            false       false                 1           true        true          true      false       
attname        12             PartsSupplier   java.lang.String    attname         string             pg_catalog     pg_attribute  4000                  4000          0         false            true             false       false                 1           true        true          false     false       
atttypid       4              PartsSupplier   java.lang.Integer   atttypid        integer            pg_catalog     pg_attribute  11                    10            0         false            false            false       false                 1           true        true          true      false       
attlen         5              PartsSupplier   java.lang.Short     attlen          short              pg_catalog     pg_attribute  6                     5             0         false            false            false       false                 1           true        true          true      false       
attnum         5              PartsSupplier   java.lang.Short     attnum          short              pg_catalog     pg_attribute  6                     5             0         false            false            false       false                 1           true        true          true      false       
atttypmod      4              PartsSupplier   java.lang.Integer   atttypmod       integer            pg_catalog     pg_attribute  11                    10            0         false            false            false       false                 1           true        true          true      false       
attnotnull     -7             PartsSupplier   java.lang.Boolean   attnotnull      boolean            pg_catalog     pg_attribute  5                     1             0         false            false            false       false                 1           true        true          false     false       
attisdropped   -7             PartsSupplier   java.lang.Boolean   attisdropped    boolean            pg_catalog     pg_attribute  5                     1             0         false            false            false       false                 1           true        true          false     false       
atthasdef      -7             PartsSupplier   java.lang.Boolean   atthasdef       boolean            pg_catalog     pg_attribute  5                     1             0         false            false            false       false                 1           true        true          false     false       
