integer      integer      string                                                             integer      short   short   integer      boolean     boolean       boolean  
oid          attrelid     attname                                                            atttypid     attlen  attnum  atttypmod    attnotnull  attisdropped  atthasdef
23           22           c                                                                  1700         -1      1       2147450883   false       false         false    
26           25           VDBName                                                            1043         -1      1       259          true        false         false    
27           25           SchemaName                                                         1043         -1      2       259          false       false         false    
28           25           TableName                                                          1043         -1      3       259          true        false         false    
29           25           Name                                                               1043         -1      4       259          true        false         false    
30           25           Position                                                           23           4       5       -1           true        false         false    
31           25           NameInSource                                                       1043         -1      6       259          false       false         false    
32           25           DataType                                                           1043         -1      7       104          true        false         false    
33           25           Scale                                                              23           4       8       -1           true        false         false    
34           25           Length                                                             23           4       9       -1           true        false         false    
35           25           IsLengthFixed                                                      16           1       10      -1           true        false         false    
36           25           SupportsSelect                                                     16           1       11      -1           true        false         false    
37           25           SupportsUpdates                                                    16           1       12      -1           true        false         false    
38           25           IsCaseSensitive                                                    16           1       13      -1           true        false         false    
39           25           IsSigned                                                           16           1       14      -1           true        false         false    
40           25           IsCurrency                                                         16           1       15      -1           true        false         false    
41           25           IsAutoIncremented                                                  16           1       16      -1           true        false         false    
42           25           NullType                                                           1043         -1      17      24           true        false         false    
43           25           MinRange                                                           1043         -1      18      54           false       false         false    
44           25           MaxRange                                                           1043         -1      19      54           false       false         false    
45           25           DistinctCount                                                      23           4       20      -1           false       false         false    
46           25           NullCount                                                          23           4       21      -1           false       false         false    
47           25           SearchType                                                         1043         -1      22      24           true        false         false    
48           25           Format                                                             1043         -1      23      259          false       false         false    
49           25           DefaultValue                                                       1043         -1      24      259          false       false         false    
50           25           JavaClass                                                          1043         -1      25      504          true        false         false    
51           25           Precision                                                          23           4       26      -1           true        false         false    
52           25           CharOctetLength                                                    23           4       27      -1           false       false         false    
53           25           Radix                                                              23           4       28      -1           true        false         false    
54           25           UID                                                                1043         -1      29      54           true        false         false    
55           25           Description                                                        1043         -1      30      259          false       false         false    
56           25           TableUID                                                           1043         -1      31      54           true        false         false    
57           25           TypeName                                                           1043         -1      32      104          false       false         false    
58           25           TypeCode                                                           23           4       33      -1           false       false         false    
59           25           ColumnSize                                                         23           4       34      -1           false       false         false    
61           60           VDBName                                                            1043         -1      1       259          true        false         false    
62           60           SchemaName                                                         1043         -1      2       259          false       false         false    
63           60           TableName                                                          1043         -1      3       259          true        false         false    
64           60           Name                                                               1043         -1      4       259          true        false         false    
72           71           UID                                                                1043         -1      1       54           true        false         false    
74           73           Name                                                               1043         -1      1       104          true        false         false    
75           73           IsStandard                                                         16           1       2       -1           false       false         false    
76           73           Type                                                               1043         -1      3       68           false       false         false    
77           73           TypeName                                                           1043         -1      4       104          true        false         false    
78           73           JavaClass                                                          1043         -1      5       504          true        false         false    
79           73           Scale                                                              23           4       6       -1           false       false         false    
80           73           TypeLength                                                         23           4       7       -1           true        false         false    
81           73           NullType                                                           1043         -1      8       24           true        false         false    
82           73           IsSigned                                                           16           1       9       -1           true        false         false    
83           73           IsAutoIncremented                                                  16           1       10      -1           true        false         false    
84           73           IsCaseSensitive                                                    16           1       11      -1           true        false         false    
85           73           Precision                                                          23           4       12      -1           true        false         false    
86           73           Radix                                                              23           4       13      -1           false       false         false    
87           73           SearchType                                                         1043         -1      14      24           true        false         false    
88           73           UID                                                                1043         -1      15      54           true        false         false    
89           73           RuntimeType                                                        1043         -1      16      68           false       false         false    
90           73           BaseType                                                           1043         -1      17      68           false       false         false    
91           73           Description                                                        1043         -1      18      259          false       false         false    
92           73           TypeCode                                                           23           4       19      -1           false       false         false    
93           73           Literal_Prefix                                                     1043         -1      20      68           false       false         false    
94           73           Literal_Suffix                                                     1043         -1      21      68           false       false         false    
96           95           Name                                                               1043         -1      1       104          true        false         false    
98           97           UID                                                                1043         -1      1       54           true        false         false    
100          99           VDBName                                                            1043         -1      1       259          true        false         false    
101          99           SchemaName                                                         1043         -1      2       259          false       false         false    
102          99           FunctionName                                                       1043         -1      3       259          true        false         false    
103          99           FunctionUID                                                        1043         -1      4       54           true        false         false    
104          99           Name                                                               1043         -1      5       259          true        false         false    
105          99           DataType                                                           1043         -1      6       29           true        false         false    
106          99           Position                                                           23           4       7       -1           true        false         false    
107          99           Type                                                               1043         -1      8       104          true        false         false    
108          99           Precision                                                          23           4       9       -1           true        false         false    
109          99           TypeLength                                                         23           4       10      -1           true        false         false    
110          99           Scale                                                              23           4       11      -1           true        false         false    
111          99           Radix                                                              23           4       12      -1           true        false         false    
112          99           NullType                                                           1043         -1      13      14           true        false         false    
113          99           UID                                                                1043         -1      14      54           false       false         false    
114          99           Description                                                        1043         -1      15      4004         false       false         false    
115          99           TypeName                                                           1043         -1      16      104          false       false         false    
116          99           TypeCode                                                           23           4       17      -1           false       false         false    
117          99           ColumnSize                                                         23           4       18      -1           false       false         false    
119          118          VDBName                                                            1043         -1      1       259          true        false         false    
120          118          SchemaName                                                         1043         -1      2       259          false       false         false    
121          118          FunctionName                                                       1043         -1      3       259          true        false         false    
122          118          Name                                                               1043         -1      4       259          true        false         false    
128          127          UID                                                                1043         -1      1       54           false       false         false    
130          129          VDBName                                                            1043         -1      1       259          true        false         false    
131          129          SchemaName                                                         1043         -1      2       259          false       false         false    
132          129          Name                                                               1043         -1      3       259          true        false         false    
133          129          NameInSource                                                       1043         -1      4       259          false       false         false    
134          129          UID                                                                1043         -1      5       54           true        false         false    
135          129          Description                                                        1043         -1      6       4004         false       false         false    
136          129          IsVarArgs                                                          16           1       7       -1           false       false         false    
138          137          VDBName                                                            1043         -1      1       259          true        false         false    
139          137          SchemaName                                                         1043         -1      2       259          false       false         false    
140          137          Name                                                               1043         -1      3       259          true        false         false    
145          144          UID                                                                1043         -1      1       54           true        false         false    
147          146          F_TABLE_CATALOG                                                    1043         -1      1       260          true        false         false    
148          146          F_TABLE_SCHEMA                                                     1043         -1      2       260          true        false         false    
149          146          F_TABLE_NAME                                                       1043         -1      3       260          true        false         false    
150          146          F_GEOMETRY_COLUMN                                                  1043         -1      4       260          true        false         false    
151          146          COORD_DIMENSION                                                    23           4       5       -1           true        false         false    
152          146          SRID                                                               23           4       6       -1           true        false         false    
153          146          TYPE                                                               1043         -1      7       34           true        false         false    
155          154          VDBName                                                            1043         -1      1       259          true        false         false    
156          154          SchemaName                                                         1043         -1      2       259          false       false         false    
157          154          TableName                                                          1043         -1      3       2052         true        false         false    
158          154          Name                                                               1043         -1      4       259          true        false         false    
159          154          KeyName                                                            1043         -1      5       259          false       false         false    
160          154          KeyType                                                            1043         -1      6       24           true        false         false    
161          154          RefKeyUID                                                          1043         -1      7       54           false       false         false    
162          154          UID                                                                1043         -1      8       54           true        false         false    
163          154          Position                                                           23           4       9       -1           false       false         false    
164          154          TableUID                                                           1043         -1      10      54           true        false         false    
166          165          VDBName                                                            1043         -1      1       259          true        false         false    
167          165          SchemaName                                                         1043         -1      2       259          false       false         false    
168          165          TableName                                                          1043         -1      3       2052         true        false         false    
169          165          Name                                                               1043         -1      4       259          true        false         false    
177          176          UID                                                                1043         -1      1       54           true        false         false    
179          178          VDBName                                                            1043         -1      1       259          true        false         false    
180          178          SchemaName                                                         1043         -1      2       259          false       false         false    
181          178          TableName                                                          1043         -1      3       2052         true        false         false    
182          178          Name                                                               1043         -1      4       259          true        false         false    
183          178          Description                                                        1043         -1      5       259          false       false         false    
184          178          NameInSource                                                       1043         -1      6       259          false       false         false    
185          178          Type                                                               1043         -1      7       24           true        false         false    
186          178          IsIndexed                                                          16           1       8       -1           true        false         false    
187          178          RefKeyUID                                                          1043         -1      9       54           false       false         false    
188          178          UID                                                                1043         -1      10      54           true        false         false    
189          178          TableUID                                                           1043         -1      11      54           true        false         false    
190          178          SchemaUID                                                          1043         -1      12      54           true        false         false    
191          178          RefTableUID                                                        1043         -1      13      54           true        false         false    
192          178          RefSchemaUID                                                       1043         -1      14      54           true        false         false    
193          178          ColPositions                                                       1005         -1      15      -1           true        false         false    
195          194          VDBName                                                            1043         -1      1       259          true        false         false    
196          194          SchemaName                                                         1043         -1      2       259          false       false         false    
197          194          TableName                                                          1043         -1      3       2052         true        false         false    
198          194          Name                                                               1043         -1      4       259          true        false         false    
204          203          UID                                                                1043         -1      1       54           true        false         false    
206          205          VDBName                                                            1043         -1      1       259          true        false         false    
207          205          SchemaName                                                         1043         -1      2       259          false       false         false    
208          205          ProcedureName                                                      1043         -1      3       259          true        false         false    
209          205          Name                                                               1043         -1      4       259          true        false         false    
210          205          DataType                                                           1043         -1      5       29           true        false         false    
211          205          Position                                                           23           4       6       -1           true        false         false    
212          205          Type                                                               1043         -1      7       104          true        false         false    
213          205          Optional                                                           16           1       8       -1           true        false         false    
214          205          Precision                                                          23           4       9       -1           true        false         false    
215          205          TypeLength                                                         23           4       10      -1           true        false         false    
216          205          Scale                                                              23           4       11      -1           true        false         false    
217          205          Radix                                                              23           4       12      -1           true        false         false    
218          205          NullType                                                           1043         -1      13      14           true        false         false    
219          205          UID                                                                1043         -1      14      54           false       false         false    
220          205          Description                                                        1043         -1      15      259          false       false         false    
221          205          TypeName                                                           1043         -1      16      104          false       false         false    
222          205          TypeCode                                                           23           4       17      -1           false       false         false    
223          205          ColumnSize                                                         23           4       18      -1           false       false         false    
224          205          DefaultValue                                                       1043         -1      19      259          false       false         false    
226          225          VDBName                                                            1043         -1      1       259          true        false         false    
227          225          SchemaName                                                         1043         -1      2       259          false       false         false    
228          225          ProcedureName                                                      1043         -1      3       259          true        false         false    
229          225          Name                                                               1043         -1      4       259          true        false         false    
235          234          UID                                                                1043         -1      1       54           false       false         false    
237          236          VDBName                                                            1043         -1      1       259          true        false         false    
238          236          SchemaName                                                         1043         -1      2       259          false       false         false    
239          236          Name                                                               1043         -1      3       259          true        false         false    
240          236          NameInSource                                                       1043         -1      4       259          false       false         false    
241          236          ReturnsResults                                                     16           1       5       -1           true        false         false    
242          236          UID                                                                1043         -1      6       54           true        false         false    
243          236          Description                                                        1043         -1      7       259          false       false         false    
244          236          SchemaUID                                                          1043         -1      8       54           true        false         false    
246          245          VDBName                                                            1043         -1      1       259          true        false         false    
247          245          SchemaName                                                         1043         -1      2       259          false       false         false    
248          245          Name                                                               1043         -1      3       259          true        false         false    
255          254          UID                                                                1043         -1      1       54           true        false         false    
257          256          Name                                                               1043         -1      1       4004         true        false         false    
258          256          Value                                                              1043         -1      2       4004         true        false         false    
259          256          UID                                                                1043         -1      3       54           true        false         false    
260          256          ClobValue                                                          25           -1      4       -1           false       false         false    
262          261          UID                                                                1043         -1      1       54           true        false         false    
263          261          Name                                                               1043         -1      2       4004         true        false         false    
265          264          PKTABLE_CAT                                                        1043         -1      1       259          false       false         false    
266          264          PKTABLE_SCHEM                                                      1043         -1      2       259          false       false         false    
267          264          PKTABLE_NAME                                                       1043         -1      3       259          false       false         false    
268          264          PKCOLUMN_NAME                                                      1043         -1      4       259          false       false         false    
269          264          FKTABLE_CAT                                                        1043         -1      5       259          false       false         false    
270          264          FKTABLE_SCHEM                                                      1043         -1      6       259          false       false         false    
271          264          FKTABLE_NAME                                                       1043         -1      7       259          false       false         false    
272          264          FKCOLUMN_NAME                                                      1043         -1      8       259          false       false         false    
273          264          KEY_SEQ                                                            21           2       9       -1           false       false         false    
274          264          UPDATE_RULE                                                        23           4       10      -1           false       false         false    
275          264          DELETE_RULE                                                        23           4       11      -1           false       false         false    
276          264          FK_NAME                                                            1043         -1      12      259          false       false         false    
277          264          PK_NAME                                                            1043         -1      13      259          false       false         false    
278          264          DEFERRABILITY                                                      23           4       14      -1           false       false         false    
279          264          FK_UID                                                             1043         -1      15      54           false       false         false    
281          280          VDBName                                                            1043         -1      1       259          false       false         false    
282          280          Name                                                               1043         -1      2       259          false       false         false    
283          280          IsPhysical                                                         16           1       3       -1           true        false         false    
284          280          UID                                                                1043         -1      4       54           true        false         false    
285          280          Description                                                        1043         -1      5       259          false       false         false    
286          280          PrimaryMetamodelURI                                                1043         -1      6       259          true        false         false    
288          287          VDBName                                                            1043         -1      1       259          false       false         false    
289          287          Name                                                               1043         -1      2       259          false       false         false    
291          290          UID                                                                1043         -1      1       54           true        false         false    
293          292          srid                                                               23           4       1       -1           false       false         false    
294          292          auth_name                                                          1043         -1      2       260          false       false         false    
295          292          auth_srid                                                          23           4       3       -1           false       false         false    
296          292          srtext                                                             1043         -1      4       2052         false       false         false    
297          292          proj4text                                                          1043         -1      5       2052         false       false         false    
299          298          srid                                                               23           4       1       -1           false       false         false    
301          300          VDBName                                                            1043         -1      1       259          false       false         false    
302          300          SchemaName                                                         1043         -1      2       259          false       false         false    
303          300          Name                                                               1043         -1      3       259          true        false         false    
304          300          Type                                                               1043         -1      4       24           true        false         false    
305          300          NameInSource                                                       1043         -1      5       259          false       false         false    
306          300          IsPhysical                                                         16           1       6       -1           true        false         false    
307          300          SupportsUpdates                                                    16           1       7       -1           true        false         false    
308          300          UID                                                                1043         -1      8       54           true        false         false    
309          300          Cardinality                                                        23           4       9       -1           true        false         false    
310          300          Description                                                        1043         -1      10      259          false       false         false    
311          300          IsSystem                                                           16           1       11      -1           false       false         false    
312          300          IsMaterialized                                                     16           1       12      -1           true        false         false    
313          300          SchemaUID                                                          1043         -1      13      54           true        false         false    
315          314          VDBName                                                            1043         -1      1       259          false       false         false    
316          314          SchemaName                                                         1043         -1      2       259          false       false         false    
317          314          Name                                                               1043         -1      3       259          true        false         false    
324          323          UID                                                                1043         -1      1       54           true        false         false    
326          325          Name                                                               1043         -1      1       259          true        false         false    
327          325          Version                                                            1043         -1      2       54           true        false         false    
328          325          Description                                                        1043         -1      3       4004         false       false         false    
330          329          Name                                                               1043         -1      1       259          true        false         false    
331          329          Version                                                            1043         -1      2       54           true        false         false    
340          339          VDBName                                                            1043         -1      1       259          true        false         false    
341          339          SchemaName                                                         1043         -1      2       259          true        false         false    
342          339          Name                                                               1043         -1      3       259          true        false         false    
343          339          TargetSchemaName                                                   1043         -1      4       259          false       false         false    
344          339          TargetName                                                         1043         -1      5       4004         false       false         false    
345          339          Valid                                                              16           1       6       -1           false       false         false    
346          339          LoadState                                                          1043         -1      7       259          false       false         false    
347          339          Updated                                                            1114         8       8       -1           false       false         false    
348          339          Cardinality                                                        23           4       9       -1           false       false         false    
350          349          VDBName                                                            1043         -1      1       259          true        false         false    
351          349          SchemaName                                                         1043         -1      2       259          true        false         false    
352          349          Name                                                               1043         -1      3       259          true        false         false    
354          353          VDBName                                                            1043         -1      1       259          true        false         false    
355          353          SchemaName                                                         1043         -1      2       259          true        false         false    
356          353          Name                                                               1043         -1      3       259          true        false         false    
357          353          Body                                                               25           -1      4       -1           true        false         false    
358          353          UID                                                                1043         -1      5       54           true        false         false    
360          359          VDBName                                                            1043         -1      1       259          true        false         false    
361          359          SchemaName                                                         1043         -1      2       259          true        false         false    
362          359          Name                                                               1043         -1      3       259          true        false         false    
364          363          UID                                                                1043         -1      1       54           true        false         false    
366          365          VDBName                                                            1043         -1      1       259          true        false         false    
367          365          SchemaName                                                         1043         -1      2       259          true        false         false    
368          365          TableName                                                          1043         -1      3       259          true        false         false    
369          365          Name                                                               1043         -1      4       259          true        false         false    
370          365          TriggerType                                                        1043         -1      5       54           true        false         false    
371          365          TriggerEvent                                                       1043         -1      6       54           true        false         false    
372          365          Status                                                             1043         -1      7       54           true        false         false    
373          365          Body                                                               25           -1      8       -1           false       false         false    
374          365          TableUID                                                           1043         -1      9       54           true        false         false    
376          375          VDBName                                                            1043         -1      1       259          true        false         false    
377          375          SchemaName                                                         1043         -1      2       259          true        false         false    
378          375          TableName                                                          1043         -1      3       259          true        false         false    
379          375          Name                                                               1043         -1      4       259          true        false         false    
381          380          VDBName                                                            1043         -1      1       259          true        false         false    
382          380          UID                                                                1043         -1      2       54           true        false         false    
383          380          object_type                                                        1043         -1      3       54           true        false         false    
384          380          SchemaName                                                         1043         -1      4       259          true        false         false    
385          380          Name                                                               1043         -1      5       259          true        false         false    
386          380          ElementName                                                        1043         -1      6       259          false       false         false    
387          380          Uses_UID                                                           1043         -1      7       54           true        false         false    
388          380          Uses_object_type                                                   1043         -1      8       54           true        false         false    
389          380          Uses_SchemaName                                                    1043         -1      9       259          true        false         false    
390          380          Uses_Name                                                          1043         -1      10      259          true        false         false    
391          380          Uses_ElementName                                                   1043         -1      11      259          false       false         false    
393          392          UID                                                                1043         -1      1       54           true        false         false    
394          392          Uses_UID                                                           1043         -1      2       54           true        false         false    
396          395          resourcePath                                                       1043         -1      1       259          false       false         false    
397          395          contents                                                           17           -1      2       -1           false       false         false    
399          398          resourcePath                                                       1043         -1      1       259          false       false         false    
401          400          VDBName                                                            1043         -1      1       259          true        false         false    
402          400          SchemaName                                                         1043         -1      2       259          true        false         false    
403          400          Name                                                               1043         -1      3       259          true        false         false    
404          400          Body                                                               25           -1      4       -1           true        false         false    
405          400          UID                                                                1043         -1      5       54           true        false         false    
407          406          VDBName                                                            1043         -1      1       259          true        false         false    
408          406          SchemaName                                                         1043         -1      2       259          true        false         false    
409          406          Name                                                               1043         -1      3       259          true        false         false    
411          410          UID                                                                1043         -1      1       54           true        false         false    
478          477          f_table_catalog                                                    1043         -1      1       4004         false       false         false    
479          477          f_table_schema                                                     1043         -1      2       4004         false       false         false    
480          477          f_table_name                                                       1043         -1      3       4004         false       false         false    
481          477          f_geography_column                                                 1043         -1      4       4004         false       false         false    
482          477          coord_dimension                                                    23           4       5       -1           false       false         false    
483          477          srid                                                               23           4       6       -1           false       false         false    
484          477          type                                                               1043         -1      7       4004         false       false         false    
486          485          table_catalog                                                      1043         -1      1       4004         false       false         false    
487          485          table_schema                                                       1043         -1      2       4004         false       false         false    
488          485          table_name                                                         1043         -1      3       4004         false       false         false    
489          485          column_name                                                        1043         -1      4       4004         false       false         false    
490          485          ordinal_position                                                   23           4       5       -1           false       false         false    
491          485          column_default                                                     1043         -1      6       4004         false       false         false    
492          485          is_nullable                                                        1043         -1      7       4004         false       false         false    
493          485          udt_name                                                           1043         -1      8       4004         false       false         false    
494          485          data_type                                                          1043         -1      9       4004         false       false         false    
495          485          character_maximum_length                                           23           4       10      -1           false       false         false    
496          485          character_octet_length                                             23           4       11      -1           false       false         false    
497          485          numeric_precision                                                  23           4       12      -1           false       false         false    
498          485          numeric_precision_radix                                            23           4       13      -1           false       false         false    
499          485          numeric_scale                                                      23           4       14      -1           false       false         false    
500          485          datetime_precision                                                 23           4       15      -1           false       false         false    
501          485          character_set_catalog                                              1043         -1      16      4004         false       false         false    
502          485          character_set_schema                                               1043         -1      17      4004         false       false         false    
503          485          character_set_name                                                 1043         -1      18      4004         false       false         false    
504          485          collation_catalog                                                  1043         -1      19      4004         false       false         false    
505          485          is_updatable                                                       1043         -1      20      4004         false       false         false    
507          506          constraint_catalog                                                 1043         -1      1       4004         false       false         false    
508          506          constraint_schema                                                  1043         -1      2       4004         false       false         false    
509          506          constraint_name                                                    1043         -1      3       4004         false       false         false    
510          506          table_catalog                                                      1043         -1      4       4004         false       false         false    
511          506          table_schema                                                       1043         -1      5       4004         false       false         false    
512          506          table_name                                                         1043         -1      6       4004         false       false         false    
513          506          column_name                                                        1043         -1      7       4004         false       false         false    
514          506          ordinal_position                                                   23           4       8       -1           false       false         false    
515          506          position_in_unique_constraint                                      23           4       9       -1           false       false         false    
517          516          constraint_catalog                                                 1043         -1      1       4004         false       false         false    
518          516          constraint_schema                                                  1043         -1      2       4004         false       false         false    
519          516          constraint_name                                                    1043         -1      3       4004         false       false         false    
520          516          unique_constraint_catalog                                          1043         -1      4       4004         false       false         false    
521          516          unique_constraint_schema                                           1043         -1      5       4004         false       false         false    
522          516          unique_constraint_name                                             1043         -1      6       4004         false       false         false    
523          516          match_option                                                       1043         -1      7       4004         false       false         false    
524          516          update_rule                                                        1043         -1      8       4004         false       false         false    
525          516          delete_rule                                                        1043         -1      9       4004         false       false         false    
527          526          constraint_catalog                                                 1043         -1      1       4004         false       false         false    
528          526          constraint_schema                                                  1043         -1      2       4004         false       false         false    
529          526          constraint_name                                                    1043         -1      3       4004         false       false         false    
530          526          table_catalog                                                      1043         -1      4       4004         false       false         false    
531          526          table_schema                                                       1043         -1      5       4004         false       false         false    
532          526          table_name                                                         1043         -1      6       4004         false       false         false    
533          526          constraint_type                                                    1043         -1      7       4004         false       false         false    
534          526          is_deferrable                                                      1043         -1      8       4004         false       false         false    
535          526          initially_deferred                                                 1043         -1      9       4004         false       false         false    
537          536          table_catalog                                                      1043         -1      1       4004         false       false         false    
538          536          table_schema                                                       1043         -1      2       4004         false       false         false    
539          536          table_name                                                         1043         -1      3       4004         false       false         false    
540          536          table_type                                                         1043         -1      4       4004         false       false         false    
542          541          table_catalog                                                      1043         -1      1       4004         false       false         false    
543          541          table_schema                                                       1043         -1      2       4004         false       false         false    
544          541          table_name                                                         1043         -1      3       4004         false       false         false    
545          541          check_option                                                       1043         -1      4       4004         false       false         false    
546          541          is_updatable                                                       1043         -1      5       4004         false       false         false    
548          547          oid                                                                23           4       1       -1           false       false         false    
549          547          typname                                                            1043         -1      2       4004         false       false         false    
550          547          name                                                               1043         -1      3       4004         false       false         false    
551          547          typlen                                                             21           2       4       -1           false       false         false    
552          547          typtype                                                            1042         -1      5       5            false       false         false    
553          547          typbasetype                                                        23           4       6       -1           false       false         false    
554          547          typtypmod                                                          23           4       7       -1           false       false         false    
556          555          oid                                                                23           4       1       -1           false       false         false    
557          555          name                                                               1043         -1      2       4004         false       false         false    
559          558          typname                                                            1043         -1      1       4004         false       false         false    
560          558          oid                                                                23           4       2       -1           false       false         false    
562          561          oid                                                                23           4       1       -1           false       false         false    
563          561          amname                                                             1043         -1      2       4004         false       false         false    
565          564          adrelid                                                            23           4       1       -1           false       false         false    
566          564          adnum                                                              21           2       2       -1           false       false         false    
567          564          adbin                                                              1043         -1      3       4004         false       false         false    
568          564          adsrc                                                              1043         -1      4       4004         false       false         false    
570          569          oid                                                                23           4       1       -1           false       false         false    
571          569          attrelid                                                           23           4       2       -1           false       false         false    
572          569          attname                                                            1043         -1      3       4004         false       false         false    
573          569          atttypid                                                           23           4       4       -1           false       false         false    
574          569          attlen                                                             21           2       5       -1           false       false         false    
575          569          attnum                                                             21           2       6       -1           false       false         false    
576          569          atttypmod                                                          23           4       7       -1           false       false         false    
577          569          attnotnull                                                         16           1       8       -1           false       false         false    
578          569          attisdropped                                                       16           1       9       -1           false       false         false    
579          569          atthasdef                                                          16           1       10      -1           false       false         false    
581          580          oid                                                                23           4       1       -1           false       false         false    
583          582          oid                                                                23           4       1       -1           false       false         false    
584          582          relname                                                            1043         -1      2       4004         false       false         false    
585          582          relnamespace                                                       23           4       3       -1           false       false         false    
586          582          relkind                                                            1042         -1      4       5            false       false         false    
587          582          relowner                                                           23           4       5       -1           false       false         false    
588          582          relam                                                              23           4       6       -1           false       false         false    
589          582          reltuples                                                          700          4       7       -1           false       false         false    
590          582          relpages                                                           23           4       8       -1           false       false         false    
591          582          relhasrules                                                        16           1       9       -1           false       false         false    
592          582          relhasoids                                                         16           1       10      -1           false       false         false    
593          582          relnspname                                                         1043         -1      11      4004         false       false         false    
594          582          reloptions                                                         1015         -1      12      -1           false       false         false    
596          595          oid                                                                23           4       1       -1           false       false         false    
598          597          oid                                                                23           4       1       -1           false       false         false    
599          597          conname                                                            1043         -1      2       4004         false       false         false    
600          597          connamespace                                                       23           4       3       -1           false       false         false    
601          597          contype                                                            1043         -1      4       4004         false       false         false    
602          597          condeferrable                                                      16           1       5       -1           false       false         false    
603          597          condeferred                                                        16           1       6       -1           false       false         false    
604          597          consrc                                                             1043         -1      7       4004         false       false         false    
605          597          conrelid                                                           23           4       8       -1           false       false         false    
606          597          confrelid                                                          23           4       9       -1           false       false         false    
607          597          conkey                                                             1005         -1      10      -1           false       false         false    
609          608          oid                                                                23           4       1       -1           false       false         false    
610          608          datname                                                            1043         -1      2       4004         false       false         false    
611          608          encoding                                                           23           4       3       -1           false       false         false    
612          608          datlastsysoid                                                      23           4       4       -1           false       false         false    
613          608          datallowconn                                                       1042         -1      5       5            false       false         false    
614          608          datconfig                                                          705          -2      6       -1           false       false         false    
615          608          datacl                                                             705          -2      7       -1           false       false         false    
616          608          datdba                                                             23           4       8       -1           false       false         false    
617          608          dattablespace                                                      23           4       9       -1           false       false         false    
619          618          objoid                                                             23           4       1       -1           false       false         false    
620          618          classoid                                                           23           4       2       -1           false       false         false    
621          618          objsubid                                                           23           4       3       -1           false       false         false    
622          618          description                                                        1043         -1      4       4004         false       false         false    
624          623          oid                                                                23           4       1       -1           false       false         false    
625          623          indexrelid                                                         23           4       2       -1           false       false         false    
626          623          indrelid                                                           23           4       3       -1           false       false         false    
627          623          indnatts                                                           21           2       4       -1           false       false         false    
628          623          indisclustered                                                     16           1       5       -1           false       false         false    
629          623          indisunique                                                        16           1       6       -1           false       false         false    
630          623          indisprimary                                                       16           1       7       -1           false       false         false    
631          623          indkey                                                             1005         -1      8       -1           false       false         false    
632          623          indexprs                                                           1043         -1      9       4004         false       false         false    
633          623          indpred                                                            1043         -1      10      4004         false       false         false    
634          623          indkey_names                                                       1015         -1      11      -1           false       false         false    
636          635          indexrelid                                                         23           4       1       -1           false       false         false    
638          637          inhrelid                                                           23           4       1       -1           false       false         false    
639          637          inhparent                                                          23           4       2       -1           false       false         false    
640          637          inhseqno                                                           23           4       3       -1           false       false         false    
642          641          oid                                                                23           4       1       -1           false       false         false    
643          641          nspname                                                            1043         -1      2       4004         false       false         false    
644          641          nspowner                                                           23           4       3       -1           false       false         false    
646          645          transaction                                                        1043         -1      1       4004         false       false         false    
647          645          gid                                                                1043         -1      2       4004         false       false         false    
648          645          owner                                                              1043         -1      3       4004         false       false         false    
649          645          database                                                           1043         -1      4       4004         false       false         false    
651          650          oid                                                                23           4       1       -1           false       false         false    
652          650          proname                                                            1043         -1      2       4004         false       false         false    
653          650          proretset                                                          16           1       3       -1           false       false         false    
654          650          prorettype                                                         23           4       4       -1           false       false         false    
655          650          pronargs                                                           21           2       5       -1           false       false         false    
656          650          proargtypes                                                        1007         -1      6       -1           false       false         false    
657          650          proargnames                                                        1015         -1      7       -1           false       false         false    
658          650          proargmodes                                                        1014         -1      8       -1           false       false         false    
659          650          proallargtypes                                                     1007         -1      9       -1           false       false         false    
660          650          pronamespace                                                       23           4       10      -1           false       false         false    
662          661          oid                                                                23           4       1       -1           false       false         false    
664          663          schemaname                                                         1043         -1      1       4004         false       false         false    
665          663          tablename                                                          1043         -1      2       4004         false       false         false    
666          663          attname                                                            1043         -1      3       4004         false       false         false    
668          667          oid                                                                23           4       1       -1           false       false         false    
669          667          tgconstrrelid                                                      23           4       2       -1           false       false         false    
670          667          tgfoid                                                             23           4       3       -1           false       false         false    
671          667          tgargs                                                             23           4       4       -1           false       false         false    
672          667          tgnargs                                                            23           4       5       -1           false       false         false    
673          667          tgdeferrable                                                       16           1       6       -1           false       false         false    
674          667          tginitdeferred                                                     16           1       7       -1           false       false         false    
675          667          tgconstrname                                                       1043         -1      8       4004         false       false         false    
676          667          tgrelid                                                            23           4       9       -1           false       false         false    
678          677          oid                                                                23           4       1       -1           false       false         false    
679          677          typname                                                            1043         -1      2       4004         false       false         false    
680          677          typnamespace                                                       23           4       3       -1           false       false         false    
681          677          typlen                                                             21           2       4       -1           false       false         false    
682          677          typtype                                                            1042         -1      5       5            false       false         false    
683          677          typnotnull                                                         16           1       6       -1           false       false         false    
684          677          typbasetype                                                        23           4       7       -1           false       false         false    
685          677          typtypmod                                                          23           4       8       -1           false       false         false    
686          677          typdelim                                                           1042         -1      9       5            false       false         false    
687          677          typrelid                                                           23           4       10      -1           false       false         false    
688          677          typelem                                                            23           4       11      -1           false       false         false    
689          677          typinput                                                           23           4       12      -1           false       false         false    
690          677          typreceive                                                         23           4       13      -1           false       false         false    
691          677          typdefault                                                         1043         -1      14      4004         false       false         false    
692          677          teiid_name                                                         1043         -1      15      4004         false       false         false    
694          693          oid                                                                23           4       1       -1           false       false         false    
695          693          usename                                                            1043         -1      2       4004         false       false         false    
696          693          usesysid                                                           23           4       3       -1           false       false         false    
697          693          usecreatedb                                                        16           1       4       -1           false       false         false    
698          693          usesuper                                                           16           1       5       -1           false       false         false    
Row Count : 484
getColumnName  getColumnType  getCatalogName  getColumnClassName  getColumnLabel  getColumnTypeName  getSchemaName  getTableName  getColumnDisplaySize  getPrecision  getScale  isAutoIncrement  isCaseSensitive  isCurrency  isDefinitelyWritable  isNullable  isReadOnly  isSearchable  isSigned  isWritable  
oid            4              overflow        java.lang.Integer   oid             integer            pg_catalog     pg_attribute  11                    10            0         false            false            false       false                 1           true        true          true      false       
attrelid       4              overflow        java.lang.Integer   attrelid        integer            pg_catalog     pg_attribute  11                    10            0         false            false            false       false                 1           true        true          true      false       
attname        12             overflow        java.lang.String    attname         string             pg_catalog     pg_attribute  4000                  4000          0         false            true             false       false                 1           true        true          false     false       
atttypid       4              overflow        java.lang.Integer   atttypid        integer            pg_catalog     pg_attribute  11                    10            0         false            false            false       false                 1           true        true          true      false       
attlen         5              overflow        java.lang.Short     attlen          short              pg_catalog     pg_attribute  6                     5             0         false            false            false       false                 1           true        true          true      false       
attnum         5              overflow        java.lang.Short     attnum          short              pg_catalog     pg_attribute  6                     5             0         false            false            false       false                 1           true        true          true      false       
atttypmod      4              overflow        java.lang.Integer   atttypmod       integer            pg_catalog     pg_attribute  11                    10            0         false            false            false       false                 1           true        true          true      false       
attnotnull     -7             overflow        java.lang.Boolean   attnotnull      boolean            pg_catalog     pg_attribute  5                     1             0         false            false            false       false                 1           true        true          false     false       
attisdropped   -7             overflow        java.lang.Boolean   attisdropped    boolean            pg_catalog     pg_attribute  5                     1             0         false            false            false       false                 1           true        true          false     false       
atthasdef      -7             overflow        java.lang.Boolean   atthasdef       boolean            pg_catalog     pg_attribute  5                     1             0         false            false            false       false                 1           true        true          false     false       
