integer      integer      integer      short     boolean         boolean      boolean       short[]                                                            string                                                             string                                                           
oid          indexrelid   indrelid     indnatts  indisclustered  indisunique  indisprimary  indkey                                                             indexprs                                                           indpred                                                          
27           27           22           1         false           true         true          [1]                                                                <null>                                                             <null>                                                           
32           32           29           1         false           true         true          [1]                                                                <null>                                                             <null>                                                           
37           37           34           1         false           true         true          [1]                                                                <null>                                                             <null>                                                           
45           45           39           1         false           true         true          [1]                                                                <null>                                                             <null>                                                           
47           47           39           1         false           false        false         [3]                                                                <null>                                                             <null>                                                           
54           54           49           2         false           true         true          [1, 2]                                                             <null>                                                             <null>                                                           
57           57           49           1         false           false        false         [2]                                                                <null>                                                             <null>                                                           
59           59           49           1         false           false        false         [1]                                                                <null>                                                             <null>                                                           
97           97           62           4         false           true         true          [1, 2, 3, 4]                                                       <null>                                                             <null>                                                           
102          102          62           3         false           false        false         [1, 2, 3]                                                          <null>                                                             <null>                                                           
106          106          62           1         false           false        false         [31]                                                               <null>                                                             <null>                                                           
108          108          62           1         false           true         false         [29]                                                               <null>                                                             <null>                                                           
132          132          110          1         false           true         true          [1]                                                                <null>                                                             <null>                                                           
134          134          110          1         false           true         false         [15]                                                               <null>                                                             <null>                                                           
155          155          136          4         false           true         true          [1, 2, 3, 5]                                                       <null>                                                             <null>                                                           
160          160          136          3         false           false        false         [1, 2, 3]                                                          <null>                                                             <null>                                                           
164          164          136          1         false           true         false         [14]                                                               <null>                                                             <null>                                                           
174          174          166          3         false           true         true          [1, 2, 3]                                                          <null>                                                             <null>                                                           
178          178          166          2         false           false        false         [1, 2]                                                             <null>                                                             <null>                                                           
181          181          166          1         false           true         false         [5]                                                                <null>                                                             <null>                                                           
202          202          191          4         false           true         true          [1, 2, 3, 4]                                                       <null>                                                             <null>                                                           
207          207          191          3         false           false        false         [1, 2, 3]                                                          <null>                                                             <null>                                                           
211          211          191          1         false           false        false         [10]                                                               <null>                                                             <null>                                                           
213          213          191          1         false           true         false         [8]                                                                <null>                                                             <null>                                                           
229          229          215          4         false           true         true          [1, 2, 3, 4]                                                       <null>                                                             <null>                                                           
234          234          215          3         false           false        false         [1, 2, 3]                                                          <null>                                                             <null>                                                           
238          238          215          1         false           true         false         [10]                                                               <null>                                                             <null>                                                           
259          259          240          4         false           true         true          [1, 2, 3, 4]                                                       <null>                                                             <null>                                                           
264          264          240          3         false           false        false         [1, 2, 3]                                                          <null>                                                             <null>                                                           
268          268          240          1         false           true         false         [14]                                                               <null>                                                             <null>                                                           
279          279          270          3         false           true         true          [1, 2, 3]                                                          <null>                                                             <null>                                                           
283          283          270          2         false           false        false         [1, 2]                                                             <null>                                                             <null>                                                           
286          286          270          1         false           false        false         [8]                                                                <null>                                                             <null>                                                           
288          288          270          1         false           true         false         [6]                                                                <null>                                                             <null>                                                           
295          295          290          2         false           true         false         [3, 1]                                                             <null>                                                             <null>                                                           
321          321          314          2         false           true         true          [1, 2]                                                             <null>                                                             <null>                                                           
324          324          314          1         false           true         false         [4]                                                                <null>                                                             <null>                                                           
332          332          326          1         false           true         true          [1]                                                                <null>                                                             <null>                                                           
348          348          334          3         false           true         true          [1, 2, 3]                                                          <null>                                                             <null>                                                           
352          352          334          2         false           false        false         [1, 2]                                                             <null>                                                             <null>                                                           
355          355          334          1         false           false        false         [13]                                                               <null>                                                             <null>                                                           
357          357          334          1         false           true         false         [8]                                                                <null>                                                             <null>                                                           
362          362          359          2         false           true         true          [1, 2]                                                             <null>                                                             <null>                                                           
382          382          372          3         false           true         true          [1, 2, 3]                                                          <null>                                                             <null>                                                           
392          392          386          3         false           true         true          [1, 2, 3]                                                          <null>                                                             <null>                                                           
396          396          386          1         false           true         false         [5]                                                                <null>                                                             <null>                                                           
408          408          398          4         false           true         true          [1, 2, 3, 4]                                                       <null>                                                             <null>                                                           
425          425          413          2         false           true         true          [2, 7]                                                             <null>                                                             <null>                                                           
431          431          428          1         false           true         true          [1]                                                                <null>                                                             <null>                                                           
439          439          433          3         false           true         true          [1, 2, 3]                                                          <null>                                                             <null>                                                           
443          443          433          1         false           true         false         [5]                                                                <null>                                                             <null>                                                           
525          525          517          2         false           true         true          [1, 3]                                                             <null>                                                             <null>                                                           
528          528          517          2         false           false        false         [2, 1]                                                             <null>                                                             <null>                                                           
550          550          539          1         false           true         true          [1]                                                                <null>                                                             <null>                                                           
565          565          552          1         false           true         true          [1]                                                                <null>                                                             <null>                                                           
601          601          590          1         false           true         true          [1]                                                                <null>                                                             <null>                                                           
627          627          616          1         false           true         true          [1]                                                                <null>                                                             <null>                                                           
Row Count : 57
getColumnName   getColumnType  getCatalogName  getColumnClassName  getColumnLabel  getColumnTypeName  getSchemaName  getTableName  getColumnDisplaySize  getPrecision  getScale  isAutoIncrement  isCaseSensitive  isCurrency  isDefinitelyWritable  isNullable  isReadOnly  isSearchable  isSigned  isWritable  
oid             4              PartsSupplier   java.lang.Integer   oid             integer            pg_catalog     pg_index      11                    10            0         false            false            false       false                 1           true        true          true      false       
indexrelid      4              PartsSupplier   java.lang.Integer   indexrelid      integer            pg_catalog     pg_index      11                    10            0         false            false            false       false                 1           true        true          true      false       
indrelid        4              PartsSupplier   java.lang.Integer   indrelid        integer            pg_catalog     pg_index      11                    10            0         false            false            false       false                 1           true        true          true      false       
indnatts        5              PartsSupplier   java.lang.Short     indnatts        short              pg_catalog     pg_index      6                     5             0         false            false            false       false                 1           true        true          true      false       
indisclustered  -7             PartsSupplier   java.lang.Boolean   indisclustered  boolean            pg_catalog     pg_index      5                     1             0         false            false            false       false                 1           true        true          false     false       
indisunique     -7             PartsSupplier   java.lang.Boolean   indisunique     boolean            pg_catalog     pg_index      5                     1             0         false            false            false       false                 1           true        true          false     false       
indisprimary    -7             PartsSupplier   java.lang.Boolean   indisprimary    boolean            pg_catalog     pg_index      5                     1             0         false            false            false       false                 1           true        true          false     false       
indkey          2003           PartsSupplier   java.sql.Array      indkey          short[]            pg_catalog     pg_index      2147483647            2             0         false            false            false       false                 1           true        true          true      false       
indexprs        12             PartsSupplier   java.lang.String    indexprs        string             pg_catalog     pg_index      4000                  4000          0         false            true             false       false                 1           true        true          false     false       
indpred         12             PartsSupplier   java.lang.String    indpred         string             pg_catalog     pg_index      4000                  4000          0         false            true             false       false                 1           true        true          false     false       
