integer      integer      integer      short     boolean         boolean      boolean       short[]                                                            string                                                             string                                                             string[]                                                         
oid          indexrelid   indrelid     indnatts  indisclustered  indisunique  indisprimary  indkey                                                             indexprs                                                           indpred                                                            indkey_names                                                     
27           27           22           1         false           true         true          [1]                                                                <null>                                                             <null>                                                             [PART_ID]                                                        
32           32           29           1         false           true         true          [1]                                                                <null>                                                             <null>                                                             [SHIPPER_ID]                                                     
37           37           34           1         false           true         true          [1]                                                                <null>                                                             <null>                                                             [STATUS_ID]                                                      
45           45           39           1         false           true         true          [1]                                                                <null>                                                             <null>                                                             [SUPPLIER_ID]                                                    
47           47           39           1         false           false        false         [3]                                                                <null>                                                             <null>                                                             [SUPPLIER_STATUS]                                                
54           54           49           2         false           true         true          [1, 2]                                                             <null>                                                             <null>                                                             [SUPPLIER_ID, PART_ID]                                           
57           57           49           1         false           false        false         [2]                                                                <null>                                                             <null>                                                             [PART_ID]                                                        
59           59           49           1         false           false        false         [1]                                                                <null>                                                             <null>                                                             [SUPPLIER_ID]                                                    
97           97           62           4         false           true         true          [1, 2, 3, 4]                                                       <null>                                                             <null>                                                             [VDBName, SchemaName, TableName, Name]                           
102          102          62           3         false           false        false         [1, 2, 3]                                                          <null>                                                             <null>                                                             [VDBName, SchemaName, TableName]                                 
106          106          62           1         false           false        false         [31]                                                               <null>                                                             <null>                                                             [TableUID]                                                       
108          108          62           1         false           true         false         [29]                                                               <null>                                                             <null>                                                             [UID]                                                            
132          132          110          1         false           true         true          [1]                                                                <null>                                                             <null>                                                             [Name]                                                           
134          134          110          1         false           true         false         [15]                                                               <null>                                                             <null>                                                             [UID]                                                            
155          155          136          4         false           true         true          [1, 2, 3, 5]                                                       <null>                                                             <null>                                                             [VDBName, SchemaName, FunctionName, Name]                        
160          160          136          3         false           false        false         [1, 2, 3]                                                          <null>                                                             <null>                                                             [VDBName, SchemaName, FunctionName]                              
164          164          136          1         false           true         false         [14]                                                               <null>                                                             <null>                                                             [UID]                                                            
174          174          166          3         false           true         true          [1, 2, 3]                                                          <null>                                                             <null>                                                             [VDBName, SchemaName, Name]                                      
178          178          166          2         false           false        false         [1, 2]                                                             <null>                                                             <null>                                                             [VDBName, SchemaName]                                            
181          181          166          1         false           true         false         [5]                                                                <null>                                                             <null>                                                             [UID]                                                            
202          202          191          4         false           true         true          [1, 2, 3, 4]                                                       <null>                                                             <null>                                                             [VDBName, SchemaName, TableName, Name]                           
207          207          191          3         false           false        false         [1, 2, 3]                                                          <null>                                                             <null>                                                             [VDBName, SchemaName, TableName]                                 
211          211          191          1         false           false        false         [10]                                                               <null>                                                             <null>                                                             [TableUID]                                                       
213          213          191          1         false           true         false         [8]                                                                <null>                                                             <null>                                                             [UID]                                                            
231          231          215          4         false           true         true          [1, 2, 3, 4]                                                       <null>                                                             <null>                                                             [VDBName, SchemaName, TableName, Name]                           
236          236          215          3         false           false        false         [1, 2, 3]                                                          <null>                                                             <null>                                                             [VDBName, SchemaName, TableName]                                 
240          240          215          1         false           true         false         [10]                                                               <null>                                                             <null>                                                             [UID]                                                            
262          262          242          4         false           true         true          [1, 2, 3, 4]                                                       <null>                                                             <null>                                                             [VDBName, SchemaName, ProcedureName, Name]                       
267          267          242          3         false           false        false         [1, 2, 3]                                                          <null>                                                             <null>                                                             [VDBName, SchemaName, ProcedureName]                             
271          271          242          1         false           true         false         [14]                                                               <null>                                                             <null>                                                             [UID]                                                            
282          282          273          3         false           true         true          [1, 2, 3]                                                          <null>                                                             <null>                                                             [VDBName, SchemaName, Name]                                      
286          286          273          2         false           false        false         [1, 2]                                                             <null>                                                             <null>                                                             [VDBName, SchemaName]                                            
289          289          273          1         false           false        false         [8]                                                                <null>                                                             <null>                                                             [SchemaUID]                                                      
291          291          273          1         false           true         false         [6]                                                                <null>                                                             <null>                                                             [UID]                                                            
298          298          293          2         false           true         false         [3, 1]                                                             <null>                                                             <null>                                                             [UID, Name]                                                      
324          324          317          2         false           true         true          [1, 2]                                                             <null>                                                             <null>                                                             [VDBName, Name]                                                  
327          327          317          1         false           true         false         [4]                                                                <null>                                                             <null>                                                             [UID]                                                            
335          335          329          1         false           true         true          [1]                                                                <null>                                                             <null>                                                             [srid]                                                           
351          351          337          3         false           true         true          [1, 2, 3]                                                          <null>                                                             <null>                                                             [VDBName, SchemaName, Name]                                      
355          355          337          2         false           false        false         [1, 2]                                                             <null>                                                             <null>                                                             [VDBName, SchemaName]                                            
358          358          337          1         false           false        false         [13]                                                               <null>                                                             <null>                                                             [SchemaUID]                                                      
360          360          337          1         false           true         false         [8]                                                                <null>                                                             <null>                                                             [UID]                                                            
366          366          362          2         false           true         true          [1, 2]                                                             <null>                                                             <null>                                                             [Name, Version]                                                  
386          386          376          3         false           true         true          [1, 2, 3]                                                          <null>                                                             <null>                                                             [VDBName, SchemaName, Name]                                      
396          396          390          3         false           true         true          [1, 2, 3]                                                          <null>                                                             <null>                                                             [VDBName, SchemaName, Name]                                      
400          400          390          1         false           true         false         [5]                                                                <null>                                                             <null>                                                             [UID]                                                            
412          412          402          4         false           true         true          [1, 2, 3, 4]                                                       <null>                                                             <null>                                                             [VDBName, SchemaName, TableName, Name]                           
429          429          417          2         false           true         true          [2, 7]                                                             <null>                                                             <null>                                                             [UID, Uses_UID]                                                  
435          435          432          1         false           true         true          [1]                                                                <null>                                                             <null>                                                             [resourcePath]                                                   
443          443          437          3         false           true         true          [1, 2, 3]                                                          <null>                                                             <null>                                                             [VDBName, SchemaName, Name]                                      
447          447          437          1         false           true         false         [5]                                                                <null>                                                             <null>                                                             [UID]                                                            
592          592          584          2         false           true         true          [1, 3]                                                             <null>                                                             <null>                                                             [oid, name]                                                      
595          595          584          2         false           false        false         [2, 1]                                                             <null>                                                             <null>                                                             [typname, oid]                                                   
617          617          606          1         false           true         true          [1]                                                                <null>                                                             <null>                                                             [oid]                                                            
632          632          619          1         false           true         true          [1]                                                                <null>                                                             <null>                                                             [oid]                                                            
672          672          660          1         false           true         true          [2]                                                                <null>                                                             <null>                                                             [indexrelid]                                                     
698          698          687          1         false           true         true          [1]                                                                <null>                                                             <null>                                                             [oid]                                                            
Row Count : 57
getColumnName   getColumnType  getCatalogName  getColumnClassName  getColumnLabel  getColumnTypeName  getSchemaName  getTableName  getColumnDisplaySize  getPrecision  getScale  isAutoIncrement  isCaseSensitive  isCurrency  isDefinitelyWritable  isNullable  isReadOnly  isSearchable  isSigned  isWritable  
oid             4              PartsSupplier   java.lang.Integer   oid             integer            pg_catalog     pg_index      11                    10            0         false            false            false       false                 1           true        true          true      false       
indexrelid      4              PartsSupplier   java.lang.Integer   indexrelid      integer            pg_catalog     pg_index      11                    10            0         false            false            false       false                 1           true        true          true      false       
indrelid        4              PartsSupplier   java.lang.Integer   indrelid        integer            pg_catalog     pg_index      11                    10            0         false            false            false       false                 1           true        true          true      false       
indnatts        5              PartsSupplier   java.lang.Short     indnatts        short              pg_catalog     pg_index      6                     5             0         false            false            false       false                 1           true        true          true      false       
indisclustered  -7             PartsSupplier   java.lang.Boolean   indisclustered  boolean            pg_catalog     pg_index      5                     1             0         false            false            false       false                 1           true        true          false     false       
indisunique     -7             PartsSupplier   java.lang.Boolean   indisunique     boolean            pg_catalog     pg_index      5                     1             0         false            false            false       false                 1           true        true          false     false       
indisprimary    -7             PartsSupplier   java.lang.Boolean   indisprimary    boolean            pg_catalog     pg_index      5                     1             0         false            false            false       false                 1           true        true          false     false       
indkey          2003           PartsSupplier   java.sql.Array      indkey          short[]            pg_catalog     pg_index      2147483647            2             0         false            false            false       false                 1           true        true          true      false       
indexprs        12             PartsSupplier   java.lang.String    indexprs        string             pg_catalog     pg_index      4000                  4000          0         false            true             false       false                 1           true        true          false     false       
indpred         12             PartsSupplier   java.lang.String    indpred         string             pg_catalog     pg_index      4000                  4000          0         false            true             false       false                 1           true        true          false     false       
indkey_names    2003           PartsSupplier   java.sql.Array      indkey_names    string[]           pg_catalog     pg_index      2147483647            4000          0         false            true             false       false                 1           true        true          false     false       
