integer      short   string                                                             string                                                           
adrelid      adnum   adbin                                                              adsrc                                                            
24           1       <null>                                                             <null>                                                           
24           2       <null>                                                             <null>                                                           
24           3       <null>                                                             <null>                                                           
24           4       <null>                                                             <null>                                                           
31           1       <null>                                                             <null>                                                           
31           2       <null>                                                             <null>                                                           
36           1       <null>                                                             <null>                                                           
36           2       <null>                                                             <null>                                                           
41           1       <null>                                                             <null>                                                           
41           2       <null>                                                             <null>                                                           
41           3       <null>                                                             <null>                                                           
41           4       <null>                                                             <null>                                                           
41           5       <null>                                                             <null>                                                           
51           1       <null>                                                             <null>                                                           
51           2       <null>                                                             <null>                                                           
51           3       <null>                                                             <null>                                                           
51           4       <null>                                                             <null>                                                           
64           1       <null>                                                             <null>                                                           
64           2       <null>                                                             <null>                                                           
64           3       <null>                                                             <null>                                                           
64           4       <null>                                                             <null>                                                           
64           5       <null>                                                             <null>                                                           
64           6       <null>                                                             <null>                                                           
64           7       <null>                                                             <null>                                                           
64           8       <null>                                                             <null>                                                           
64           9       <null>                                                             <null>                                                           
64           10      <null>                                                             <null>                                                           
64           11      <null>                                                             <null>                                                           
64           12      <null>                                                             <null>                                                           
64           13      <null>                                                             <null>                                                           
64           14      <null>                                                             <null>                                                           
64           15      <null>                                                             <null>                                                           
64           16      <null>                                                             <null>                                                           
64           17      <null>                                                             <null>                                                           
64           18      <null>                                                             <null>                                                           
64           19      <null>                                                             <null>                                                           
64           20      <null>                                                             <null>                                                           
64           21      <null>                                                             <null>                                                           
64           22      <null>                                                             <null>                                                           
64           23      <null>                                                             <null>                                                           
64           24      <null>                                                             <null>                                                           
64           25      <null>                                                             <null>                                                           
64           26      <null>                                                             <null>                                                           
64           27      <null>                                                             <null>                                                           
64           28      <null>                                                             <null>                                                           
64           29      <null>                                                             <null>                                                           
64           30      <null>                                                             <null>                                                           
64           31      <null>                                                             <null>                                                           
64           32      <null>                                                             <null>                                                           
64           33      <null>                                                             <null>                                                           
64           34      <null>                                                             <null>                                                           
112          1       <null>                                                             <null>                                                           
112          2       <null>                                                             <null>                                                           
112          3       <null>                                                             <null>                                                           
112          4       <null>                                                             <null>                                                           
112          5       <null>                                                             <null>                                                           
112          6       <null>                                                             <null>                                                           
112          7       <null>                                                             <null>                                                           
112          8       <null>                                                             <null>                                                           
112          9       <null>                                                             <null>                                                           
112          10      <null>                                                             <null>                                                           
112          11      <null>                                                             <null>                                                           
112          12      <null>                                                             <null>                                                           
112          13      <null>                                                             <null>                                                           
112          14      <null>                                                             <null>                                                           
112          15      <null>                                                             <null>                                                           
112          16      <null>                                                             <null>                                                           
112          17      <null>                                                             <null>                                                           
112          18      <null>                                                             <null>                                                           
112          19      <null>                                                             <null>                                                           
112          20      <null>                                                             <null>                                                           
112          21      <null>                                                             <null>                                                           
138          1       <null>                                                             <null>                                                           
138          2       <null>                                                             <null>                                                           
138          3       <null>                                                             <null>                                                           
138          4       <null>                                                             <null>                                                           
138          5       <null>                                                             <null>                                                           
138          6       <null>                                                             <null>                                                           
138          7       <null>                                                             <null>                                                           
138          8       <null>                                                             <null>                                                           
138          9       <null>                                                             <null>                                                           
138          10      <null>                                                             <null>                                                           
138          11      <null>                                                             <null>                                                           
138          12      <null>                                                             <null>                                                           
138          13      <null>                                                             <null>                                                           
138          14      <null>                                                             <null>                                                           
138          15      <null>                                                             <null>                                                           
138          16      <null>                                                             <null>                                                           
138          17      <null>                                                             <null>                                                           
138          18      <null>                                                             <null>                                                           
169          1       <null>                                                             <null>                                                           
169          2       <null>                                                             <null>                                                           
169          3       <null>                                                             <null>                                                           
169          4       <null>                                                             <null>                                                           
169          5       <null>                                                             <null>                                                           
169          6       <null>                                                             <null>                                                           
169          7       <null>                                                             <null>                                                           
169          8       <null>                                                             <null>                                                           
188          1       <null>                                                             <null>                                                           
188          2       <null>                                                             <null>                                                           
188          3       <null>                                                             <null>                                                           
188          4       <null>                                                             <null>                                                           
188          5       <null>                                                             <null>                                                           
188          6       <null>                                                             <null>                                                           
188          7       <null>                                                             <null>                                                           
196          1       <null>                                                             <null>                                                           
196          2       <null>                                                             <null>                                                           
196          3       <null>                                                             <null>                                                           
196          4       <null>                                                             <null>                                                           
196          5       <null>                                                             <null>                                                           
196          6       <null>                                                             <null>                                                           
196          7       <null>                                                             <null>                                                           
204          1       <null>                                                             <null>                                                           
204          2       <null>                                                             <null>                                                           
204          3       <null>                                                             <null>                                                           
204          4       <null>                                                             <null>                                                           
204          5       <null>                                                             <null>                                                           
204          6       <null>                                                             <null>                                                           
204          7       <null>                                                             <null>                                                           
204          8       <null>                                                             <null>                                                           
204          9       <null>                                                             <null>                                                           
204          10      <null>                                                             <null>                                                           
228          1       <null>                                                             <null>                                                           
228          2       <null>                                                             <null>                                                           
228          3       <null>                                                             <null>                                                           
228          4       <null>                                                             <null>                                                           
228          5       <null>                                                             <null>                                                           
228          6       <null>                                                             <null>                                                           
228          7       <null>                                                             <null>                                                           
228          8       <null>                                                             <null>                                                           
228          9       <null>                                                             <null>                                                           
228          10      <null>                                                             <null>                                                           
228          11      <null>                                                             <null>                                                           
228          12      <null>                                                             <null>                                                           
228          13      <null>                                                             <null>                                                           
228          14      <null>                                                             <null>                                                           
228          15      <null>                                                             <null>                                                           
228          16      <null>                                                             <null>                                                           
256          1       <null>                                                             <null>                                                           
256          2       <null>                                                             <null>                                                           
256          3       <null>                                                             <null>                                                           
256          4       <null>                                                             <null>                                                           
256          5       <null>                                                             <null>                                                           
256          6       <null>                                                             <null>                                                           
256          7       <null>                                                             <null>                                                           
256          8       <null>                                                             <null>                                                           
256          9       <null>                                                             <null>                                                           
256          10      <null>                                                             <null>                                                           
256          11      <null>                                                             <null>                                                           
256          12      <null>                                                             <null>                                                           
256          13      <null>                                                             <null>                                                           
256          14      <null>                                                             <null>                                                           
256          15      <null>                                                             <null>                                                           
256          16      <null>                                                             <null>                                                           
256          17      <null>                                                             <null>                                                           
256          18      <null>                                                             <null>                                                           
256          19      <null>                                                             <null>                                                           
256          20      <null>                                                             <null>                                                           
288          1       <null>                                                             <null>                                                           
288          2       <null>                                                             <null>                                                           
288          3       <null>                                                             <null>                                                           
288          4       <null>                                                             <null>                                                           
288          5       <null>                                                             <null>                                                           
288          6       <null>                                                             <null>                                                           
288          7       <null>                                                             <null>                                                           
288          8       <null>                                                             <null>                                                           
308          1       <null>                                                             <null>                                                           
308          2       <null>                                                             <null>                                                           
308          3       <null>                                                             <null>                                                           
308          4       <null>                                                             <null>                                                           
316          1       <null>                                                             <null>                                                           
316          2       <null>                                                             <null>                                                           
316          3       <null>                                                             <null>                                                           
316          4       <null>                                                             <null>                                                           
316          5       <null>                                                             <null>                                                           
316          6       <null>                                                             <null>                                                           
316          7       <null>                                                             <null>                                                           
316          8       <null>                                                             <null>                                                           
316          9       <null>                                                             <null>                                                           
316          10      <null>                                                             <null>                                                           
316          11      <null>                                                             <null>                                                           
316          12      <null>                                                             <null>                                                           
316          13      <null>                                                             <null>                                                           
316          14      <null>                                                             <null>                                                           
316          15      <null>                                                             <null>                                                           
332          1       <null>                                                             <null>                                                           
332          2       <null>                                                             <null>                                                           
332          3       <null>                                                             <null>                                                           
332          4       <null>                                                             <null>                                                           
332          5       <null>                                                             <null>                                                           
332          6       <null>                                                             <null>                                                           
344          1       <null>                                                             <null>                                                           
344          2       <null>                                                             <null>                                                           
344          3       <null>                                                             <null>                                                           
344          4       <null>                                                             <null>                                                           
344          5       <null>                                                             <null>                                                           
352          1       <null>                                                             <null>                                                           
352          2       <null>                                                             <null>                                                           
352          3       <null>                                                             <null>                                                           
352          4       <null>                                                             <null>                                                           
352          5       <null>                                                             <null>                                                           
352          6       <null>                                                             <null>                                                           
352          7       <null>                                                             <null>                                                           
352          8       <null>                                                             <null>                                                           
352          9       <null>                                                             <null>                                                           
352          10      <null>                                                             <null>                                                           
352          11      <null>                                                             <null>                                                           
352          12      <null>                                                             <null>                                                           
352          13      <null>                                                             <null>                                                           
377          1       <null>                                                             <null>                                                           
377          2       <null>                                                             <null>                                                           
377          3       <null>                                                             <null>                                                           
377          4       <null>                                                             <null>                                                           
377          5       <null>                                                             <null>                                                           
393          1       <null>                                                             <null>                                                           
393          2       <null>                                                             <null>                                                           
393          3       <null>                                                             <null>                                                           
393          4       <null>                                                             <null>                                                           
393          5       <null>                                                             <null>                                                           
393          6       <null>                                                             <null>                                                           
393          7       <null>                                                             <null>                                                           
393          8       <null>                                                             <null>                                                           
393          9       <null>                                                             <null>                                                           
407          1       <null>                                                             <null>                                                           
407          2       <null>                                                             <null>                                                           
407          3       <null>                                                             <null>                                                           
407          4       <null>                                                             <null>                                                           
407          5       <null>                                                             <null>                                                           
407          6       <null>                                                             <null>                                                           
407          7       <null>                                                             <null>                                                           
407          8       <null>                                                             <null>                                                           
407          9       <null>                                                             <null>                                                           
424          1       <null>                                                             <null>                                                           
424          2       <null>                                                             <null>                                                           
424          3       <null>                                                             <null>                                                           
424          4       <null>                                                             <null>                                                           
424          5       <null>                                                             <null>                                                           
424          6       <null>                                                             <null>                                                           
433          1       <null>                                                             <null>                                                           
433          2       <null>                                                             <null>                                                           
433          3       <null>                                                             <null>                                                           
433          4       <null>                                                             <null>                                                           
433          5       <null>                                                             <null>                                                           
445          1       <null>                                                             <null>                                                           
445          2       <null>                                                             <null>                                                           
445          3       <null>                                                             <null>                                                           
445          4       <null>                                                             <null>                                                           
454          1       <null>                                                             <null>                                                           
454          2       <null>                                                             <null>                                                           
454          3       <null>                                                             <null>                                                           
454          4       <null>                                                             <null>                                                           
454          5       <null>                                                             <null>                                                           
454          6       <null>                                                             <null>                                                           
454          7       <null>                                                             <null>                                                           
454          8       <null>                                                             <null>                                                           
454          9       <null>                                                             <null>                                                           
469          1       <null>                                                             <null>                                                           
469          2       <null>                                                             <null>                                                           
469          3       <null>                                                             <null>                                                           
469          4       <null>                                                             <null>                                                           
469          5       <null>                                                             <null>                                                           
469          6       <null>                                                             <null>                                                           
469          7       <null>                                                             <null>                                                           
469          8       <null>                                                             <null>                                                           
469          9       <null>                                                             <null>                                                           
469          10      <null>                                                             <null>                                                           
469          11      <null>                                                             <null>                                                           
484          1       <null>                                                             <null>                                                           
484          2       <null>                                                             <null>                                                           
489          1       <null>                                                             <null>                                                           
489          2       <null>                                                             <null>                                                           
489          3       <null>                                                             <null>                                                           
489          4       <null>                                                             <null>                                                           
489          5       <null>                                                             <null>                                                           
566          1       <null>                                                             <null>                                                           
566          2       <null>                                                             <null>                                                           
566          3       <null>                                                             <null>                                                           
566          4       <null>                                                             <null>                                                           
566          5       <null>                                                             <null>                                                           
566          6       <null>                                                             <null>                                                           
566          7       <null>                                                             <null>                                                           
566          8       <null>                                                             <null>                                                           
566          9       <null>                                                             <null>                                                           
566          10      <null>                                                             <null>                                                           
566          11      <null>                                                             <null>                                                           
566          12      <null>                                                             <null>                                                           
566          13      <null>                                                             <null>                                                           
566          14      <null>                                                             <null>                                                           
566          15      <null>                                                             <null>                                                           
566          16      <null>                                                             <null>                                                           
566          17      <null>                                                             <null>                                                           
566          18      <null>                                                             <null>                                                           
566          19      <null>                                                             <null>                                                           
566          20      <null>                                                             <null>                                                           
587          1       <null>                                                             <null>                                                           
587          2       <null>                                                             <null>                                                           
587          3       <null>                                                             <null>                                                           
587          4       <null>                                                             <null>                                                           
587          5       <null>                                                             <null>                                                           
587          6       <null>                                                             <null>                                                           
587          7       <null>                                                             <null>                                                           
587          8       <null>                                                             <null>                                                           
587          9       <null>                                                             <null>                                                           
597          1       <null>                                                             <null>                                                           
597          2       <null>                                                             <null>                                                           
597          3       <null>                                                             <null>                                                           
597          4       <null>                                                             <null>                                                           
597          5       <null>                                                             <null>                                                           
597          6       <null>                                                             <null>                                                           
597          7       <null>                                                             <null>                                                           
597          8       <null>                                                             <null>                                                           
597          9       <null>                                                             <null>                                                           
607          1       <null>                                                             <null>                                                           
607          2       <null>                                                             <null>                                                           
607          3       <null>                                                             <null>                                                           
607          4       <null>                                                             <null>                                                           
607          5       <null>                                                             <null>                                                           
607          6       <null>                                                             <null>                                                           
607          7       <null>                                                             <null>                                                           
607          8       <null>                                                             <null>                                                           
607          9       <null>                                                             <null>                                                           
617          1       <null>                                                             <null>                                                           
617          2       <null>                                                             <null>                                                           
617          3       <null>                                                             <null>                                                           
617          4       <null>                                                             <null>                                                           
622          1       <null>                                                             <null>                                                           
622          2       <null>                                                             <null>                                                           
622          3       <null>                                                             <null>                                                           
622          4       <null>                                                             <null>                                                           
622          5       <null>                                                             <null>                                                           
628          1       <null>                                                             <null>                                                           
628          2       <null>                                                             <null>                                                           
628          3       <null>                                                             <null>                                                           
628          4       <null>                                                             <null>                                                           
628          5       <null>                                                             <null>                                                           
628          6       <null>                                                             <null>                                                           
628          7       <null>                                                             <null>                                                           
642          1       <null>                                                             <null>                                                           
642          2       <null>                                                             <null>                                                           
645          1       <null>                                                             <null>                                                           
645          2       <null>                                                             <null>                                                           
645          3       <null>                                                             <null>                                                           
645          4       <null>                                                             <null>                                                           
650          1       <null>                                                             <null>                                                           
650          2       <null>                                                             <null>                                                           
650          3       <null>                                                             <null>                                                           
650          4       <null>                                                             <null>                                                           
650          5       <null>                                                             <null>                                                           
650          6       <null>                                                             <null>                                                           
650          7       <null>                                                             <null>                                                           
650          8       <null>                                                             <null>                                                           
650          9       <null>                                                             <null>                                                           
650          10      <null>                                                             <null>                                                           
663          1       <null>                                                             <null>                                                           
663          2       <null>                                                             <null>                                                           
663          3       <null>                                                             <null>                                                           
663          4       <null>                                                             <null>                                                           
663          5       <null>                                                             <null>                                                           
663          6       <null>                                                             <null>                                                           
663          7       <null>                                                             <null>                                                           
663          8       <null>                                                             <null>                                                           
663          9       <null>                                                             <null>                                                           
663          10      <null>                                                             <null>                                                           
663          11      <null>                                                             <null>                                                           
663          12      <null>                                                             <null>                                                           
663          13      <null>                                                             <null>                                                           
679          1       <null>                                                             <null>                                                           
679          2       <null>                                                             <null>                                                           
679          3       <null>                                                             <null>                                                           
679          4       <null>                                                             <null>                                                           
679          5       <null>                                                             <null>                                                           
679          6       <null>                                                             <null>                                                           
679          7       <null>                                                             <null>                                                           
679          8       <null>                                                             <null>                                                           
679          9       <null>                                                             <null>                                                           
679          10      <null>                                                             <null>                                                           
690          1       <null>                                                             <null>                                                           
690          2       <null>                                                             <null>                                                           
690          3       <null>                                                             <null>                                                           
690          4       <null>                                                             <null>                                                           
690          5       <null>                                                             <null>                                                           
690          6       <null>                                                             <null>                                                           
690          7       <null>                                                             <null>                                                           
690          8       <null>                                                             <null>                                                           
690          9       <null>                                                             <null>                                                           
700          1       <null>                                                             <null>                                                           
700          2       <null>                                                             <null>                                                           
700          3       <null>                                                             <null>                                                           
700          4       <null>                                                             <null>                                                           
705          1       <null>                                                             <null>                                                           
705          2       <null>                                                             <null>                                                           
705          3       <null>                                                             <null>                                                           
705          4       <null>                                                             <null>                                                           
705          5       <null>                                                             <null>                                                           
705          6       <null>                                                             <null>                                                           
705          7       <null>                                                             <null>                                                           
705          8       <null>                                                             <null>                                                           
705          9       <null>                                                             <null>                                                           
705          10      <null>                                                             <null>                                                           
705          11      <null>                                                             <null>                                                           
719          1       <null>                                                             <null>                                                           
719          2       <null>                                                             <null>                                                           
719          3       <null>                                                             <null>                                                           
723          1       <null>                                                             <null>                                                           
723          2       <null>                                                             <null>                                                           
723          3       <null>                                                             <null>                                                           
727          1       <null>                                                             <null>                                                           
727          2       <null>                                                             <null>                                                           
727          3       <null>                                                             <null>                                                           
727          4       <null>                                                             <null>                                                           
732          1       <null>                                                             <null>                                                           
732          2       <null>                                                             <null>                                                           
732          3       <null>                                                             <null>                                                           
732          4       <null>                                                             <null>                                                           
732          5       <null>                                                             <null>                                                           
732          6       <null>                                                             <null>                                                           
732          7       <null>                                                             <null>                                                           
732          8       <null>                                                             <null>                                                           
732          9       <null>                                                             <null>                                                           
732          10      <null>                                                             <null>                                                           
745          1       <null>                                                             <null>                                                           
745          2       <null>                                                             <null>                                                           
745          3       <null>                                                             <null>                                                           
749          1       <null>                                                             <null>                                                           
749          2       <null>                                                             <null>                                                           
749          3       <null>                                                             <null>                                                           
749          4       <null>                                                             <null>                                                           
749          5       <null>                                                             <null>                                                           
749          6       <null>                                                             <null>                                                           
749          7       <null>                                                             <null>                                                           
749          8       <null>                                                             <null>                                                           
749          9       <null>                                                             <null>                                                           
759          1       <null>                                                             <null>                                                           
759          2       <null>                                                             <null>                                                           
759          3       <null>                                                             <null>                                                           
759          4       <null>                                                             <null>                                                           
759          5       <null>                                                             <null>                                                           
759          6       <null>                                                             <null>                                                           
759          7       <null>                                                             <null>                                                           
759          8       <null>                                                             <null>                                                           
759          9       <null>                                                             <null>                                                           
759          10      <null>                                                             <null>                                                           
759          11      <null>                                                             <null>                                                           
759          12      <null>                                                             <null>                                                           
759          13      <null>                                                             <null>                                                           
759          14      <null>                                                             <null>                                                           
759          15      <null>                                                             <null>                                                           
775          1       <null>                                                             <null>                                                           
775          2       <null>                                                             <null>                                                           
775          3       <null>                                                             <null>                                                           
775          4       <null>                                                             <null>                                                           
775          5       <null>                                                             <null>                                                           
Row Count : 452
getColumnName  getColumnType  getCatalogName  getColumnClassName  getColumnLabel  getColumnTypeName  getSchemaName  getTableName  getColumnDisplaySize  getPrecision  getScale  isAutoIncrement  isCaseSensitive  isCurrency  isDefinitelyWritable  isNullable  isReadOnly  isSearchable  isSigned  isWritable  
adrelid        4              PartsSupplier   java.lang.Integer   adrelid         integer            pg_catalog     pg_attrdef    11                    10            0         false            false            false       false                 1           true        true          true      false       
adnum          5              PartsSupplier   java.lang.Short     adnum           short              pg_catalog     pg_attrdef    6                     5             0         false            false            false       false                 1           true        true          true      false       
adbin          12             PartsSupplier   java.lang.String    adbin           string             pg_catalog     pg_attrdef    4000                  4000          0         false            true             false       false                 1           true        true          false     false       
adsrc          12             PartsSupplier   java.lang.String    adsrc           string             pg_catalog     pg_attrdef    4000                  4000          0         false            true             false       false                 1           true        true          false     false       
