string                                                             string                                                             string                                                             string                                                             string                                                           
table_catalog                                                      table_schema                                                       table_name                                                         check_option                                                       is_updatable                                                     
PartsSupplier                                                      PartsSupplier                                                      PARTSSUPPLIER.PARTS                                                NONE                                                               YES                                                              
PartsSupplier                                                      PartsSupplier                                                      PARTSSUPPLIER.SHIP_VIA                                             NONE                                                               YES                                                              
PartsSupplier                                                      PartsSupplier                                                      PARTSSUPPLIER.STATUS                                               NONE                                                               YES                                                              
PartsSupplier                                                      PartsSupplier                                                      PARTSSUPPLIER.SUPPLIER                                             NONE                                                               YES                                                              
PartsSupplier                                                      PartsSupplier                                                      PARTSSUPPLIER.SUPPLIER_PARTS                                       NONE                                                               YES                                                              
PartsSupplier                                                      SYS                                                                Columns                                                            NONE                                                               NO                                                               
PartsSupplier                                                      SYS                                                                DataTypes                                                          NONE                                                               NO                                                               
PartsSupplier                                                      SYS                                                                FunctionParams                                                     NONE                                                               NO                                                               
PartsSupplier                                                      SYS                                                                Functions                                                          NONE                                                               NO                                                               
PartsSupplier                                                      SYS                                                                KeyColumns                                                         NONE                                                               NO                                                               
PartsSupplier                                                      SYS                                                                Keys                                                               NONE                                                               NO                                                               
PartsSupplier                                                      SYS                                                                ProcedureParams                                                    NONE                                                               NO                                                               
PartsSupplier                                                      SYS                                                                Procedures                                                         NONE                                                               NO                                                               
PartsSupplier                                                      SYS                                                                Properties                                                         NONE                                                               NO                                                               
PartsSupplier                                                      SYS                                                                ReferenceKeyColumns                                                NONE                                                               NO                                                               
PartsSupplier                                                      SYS                                                                Schemas                                                            NONE                                                               NO                                                               
PartsSupplier                                                      SYS                                                                Tables                                                             NONE                                                               NO                                                               
PartsSupplier                                                      SYS                                                                VirtualDatabases                                                   NONE                                                               NO                                                               
PartsSupplier                                                      SYSADMIN                                                           MatViews                                                           NONE                                                               NO                                                               
PartsSupplier                                                      SYSADMIN                                                           StoredProcedures                                                   NONE                                                               NO                                                               
PartsSupplier                                                      SYSADMIN                                                           Triggers                                                           NONE                                                               NO                                                               
PartsSupplier                                                      SYSADMIN                                                           Usage                                                              NONE                                                               NO                                                               
PartsSupplier                                                      SYSADMIN                                                           VDBResources                                                       NONE                                                               NO                                                               
PartsSupplier                                                      SYSADMIN                                                           Views                                                              NONE                                                               NO                                                               
Row Count : 24
getColumnName  getColumnType  getCatalogName  getColumnClassName  getColumnLabel  getColumnTypeName  getSchemaName  getTableName              getColumnDisplaySize  getPrecision  getScale  isAutoIncrement  isCaseSensitive  isCurrency  isDefinitelyWritable  isNullable  isReadOnly  isSearchable  isSigned  isWritable  
table_catalog  12             PartsSupplier   java.lang.String    table_catalog   string             pg_catalog     information_schema.views  4000                  4000          0         false            true             false       false                 1           true        true          false     false       
table_schema   12             PartsSupplier   java.lang.String    table_schema    string             pg_catalog     information_schema.views  4000                  4000          0         false            true             false       false                 1           true        true          false     false       
table_name     12             PartsSupplier   java.lang.String    table_name      string             pg_catalog     information_schema.views  4000                  4000          0         false            true             false       false                 1           true        true          false     false       
check_option   12             PartsSupplier   java.lang.String    check_option    string             pg_catalog     information_schema.views  4000                  4000          0         false            true             false       false                 1           true        true          false     false       
is_updatable   12             PartsSupplier   java.lang.String    is_updatable    string             pg_catalog     information_schema.views  4000                  4000          0         false            true             false       false                 1           true        true          false     false       
