int4         varchar                                                            bool       int4         int2      oidvector    _text                                                              _char        _oid            int4        
oid          proname                                                            proretset  prorettype   pronargs  proargtypes  proargnames                                                        proargmodes  proallargtypes  pronamespace
491          cancelRequest                                                      false      16           2         1043 20      {"SessionId","executionId"}                                        <null>       {1043,20}       389         
495          isLoggable                                                         false      16           2         1043 1043    {"level","context"}                                                <null>       <null>          389         
499          loadMatView                                                        false      23           4         1043 1043 1$ {"schemaName","viewName","invalidate","only_if_needed"}            <null>       {1043,1043,16,$ 389         
505          logMsg                                                             false      16           3         1043 1043 2$ {"level","context","msg"}                                          <null>       {1043,1043,228$ 389         
510          matViewStatus                                                      true       2249         2         1043 1043    {"schemaName","viewName","TargetSchemaName","TargetName","Valid",$ {i,i,t,t,t,$ {1043,1043,104$ 389         
522          refreshMatView                                                     false      23           2         1043 16      {"ViewName","Invalidate"}                                          <null>       {1043,16}       389         
526          refreshMatViewRow                                                  false      23           3         1043 2283 2$ {"ViewName","Key","KeyOther"}                                      <null>       {1043,2283,228$ 389         
531          refreshMatViewRows                                                 false      23           2         1043 0       {"ViewName","Key"}                                                 <null>       <null>          389         
535          schemaSources                                                      true       2249         1         1043         {"schemaName","name","resource"}                                   {i,t,t}      <null>          389         
539          setColumnStats                                                     false      2278         6         1043 1043 2$ {"tableName","columnName","distinctCount","nullCount","max","min"$ <null>       {1043,1043,20,$ 389         
546          setProperty                                                        false      25           3         1043 1043 2$ {"UID","Name","Value"}                                             <null>       {1043,1043,25}  389         
551          setTableStats                                                      false      2278         2         1043 20      {"tableName","cardinality"}                                        <null>       {1043,20}       389         
554          terminateSession                                                   false      16           1         1043         {"SessionId"}                                                      <null>       <null>          389         
557          terminateTransaction                                               false      2278         1         1043         {"sessionid"}                                                      <null>       <null>          389         
559          updateMatView                                                      false      23           3         1043 1043 1$ {"schemaName","viewName","refreshCriteria"}                        <null>       <null>          389         
564          updateStaleCount                                                   false      23           2         1043 1043    {"schemaName","viewName"}                                          <null>       <null>          389         
806          pg_get_ruledef                                                     false      2278         0         <null>       <null>                                                             <null>       <null>          568         
809          ST_asBinary                                                        false      2278         0         <null>       <null>                                                             <null>       <null>          568         
813          ST_asBinary                                                        false      2278         0         <null>       <null>                                                             <null>       <null>          568         
817          version                                                            false      2278         0         <null>       <null>                                                             <null>       <null>          568         
819          pg_table_is_visible                                                false      2278         0         <null>       <null>                                                             <null>       <null>          568         
822          public.postgis_proj_version                                        false      2278         0         <null>       <null>                                                             <null>       <null>          568         
824          pg_client_encoding                                                 false      2278         0         <null>       <null>                                                             <null>       <null>          568         
826          pg_total_relation_size                                             false      2278         0         <null>       <null>                                                             <null>       <null>          568         
829          has_schema_privilege                                               false      2278         0         <null>       <null>                                                             <null>       <null>          568         
833          pg_get_userbyid                                                    false      2278         0         <null>       <null>                                                             <null>       <null>          568         
836          pg_get_indexdef                                                    false      2278         0         <null>       <null>                                                             <null>       <null>          568         
841          public.PostGIS_Lib_Version                                         false      2278         0         <null>       <null>                                                             <null>       <null>          568         
843          format_type                                                        false      2278         0         <null>       <null>                                                             <null>       <null>          568         
847          pg_encoding_to_char                                                false      2278         0         <null>       <null>                                                             <null>       <null>          568         
850          has_function_privilege                                             false      2278         0         <null>       <null>                                                             <null>       <null>          568         
854          array_to_string                                                    false      2278         0         <null>       <null>                                                             <null>       <null>          568         
858          pg_has_role                                                        false      2278         0         <null>       <null>                                                             <null>       <null>          568         
862          pg_stat_get_numscans                                               false      2278         0         <null>       <null>                                                             <null>       <null>          568         
865          current_schemas                                                    false      2278         0         <null>       <null>                                                             <null>       <null>          568         
868          public.postgis_geos_version                                        false      2278         0         <null>       <null>                                                             <null>       <null>          568         
870          pg_get_constraintdef                                               false      2278         0         <null>       <null>                                                             <null>       <null>          568         
874          public.postgis_version                                             false      2278         0         <null>       <null>                                                             <null>       <null>          568         
876          obj_description                                                    false      2278         0         <null>       <null>                                                             <null>       <null>          568         
879          obj_description                                                    false      2278         0         <null>       <null>                                                             <null>       <null>          568         
883          current_schema                                                     false      2278         0         <null>       <null>                                                             <null>       <null>          568         
885          encode                                                             false      2278         0         <null>       <null>                                                             <null>       <null>          568         
889          getOid                                                             false      2278         0         <null>       <null>                                                             <null>       <null>          568         
892          pg_type_is_visible                                                 false      2278         0         <null>       <null>                                                             <null>       <null>          568         
895          col_description                                                    false      2278         0         <null>       <null>                                                             <null>       <null>          568         
899          pg_relation_size                                                   false      2278         0         <null>       <null>                                                             <null>       <null>          568         
902          regclass                                                           false      2278         0         <null>       <null>                                                             <null>       <null>          568         
905          has_table_privilege                                                false      2278         0         <null>       <null>                                                             <null>       <null>          568         
909          asPGVector                                                         false      2278         0         <null>       <null>                                                             <null>       <null>          568         
912          pg_get_expr                                                        false      2278         0         <null>       <null>                                                             <null>       <null>          568         
916          pg_get_expr                                                        false      2278         0         <null>       <null>                                                             <null>       <null>          568         
2147483624   boolrecv                                                           false      16           1         2281         <null>                                                             <null>       <null>          568         
2147483622   bytearecv                                                          false      17           1         2281         <null>                                                             <null>       <null>          568         
2147483621   charrecv                                                           false      18           1         2281         <null>                                                             <null>       <null>          568         
2147483601   varcharrecv                                                        false      1043         1         2281         <null>                                                             <null>       <null>          568         
2147483605   textrecv                                                           false      25           1         2281         <null>                                                             <null>       <null>          568         
2147483623   bpcharrecv                                                         false      1042         1         2281         <null>                                                             <null>       <null>          568         
2147483615   int2recv                                                           false      21           1         2281         <null>                                                             <null>       <null>          568         
2147483612   int8recv                                                           false      20           1         2281         <null>                                                             <null>       <null>          568         
2147483613   int4recv                                                           false      23           1         2281         <null>                                                             <null>       <null>          568         
2147483608   oidrecv                                                            false      26           1         2281         <null>                                                             <null>       <null>          568         
2147483619   float4recv                                                         false      700          1         2281         <null>                                                             <null>       <null>          568         
2147483618   float8recv                                                         false      701          1         2281         <null>                                                             <null>       <null>          568         
2147483602   unknownrecv                                                        false      705          1         2281         <null>                                                             <null>       <null>          568         
2147483620   daterecv                                                           false      1082         1         2281         <null>                                                             <null>       <null>          568         
2147483604   timerecv                                                           false      1083         1         2281         <null>                                                             <null>       <null>          568         
2147483603   timestamprecv                                                      false      1114         1         2281         <null>                                                             <null>       <null>          568         
2147483609   numericrecv                                                        false      1700         1         2281         <null>                                                             <null>       <null>          568         
2147483599   xmlrecv                                                            false      142          1         2281         <null>                                                             <null>       <null>          568         
2147483610   lorecv                                                             false      14939        1         2281         <null>                                                             <null>       <null>          568         
2147483611   jsonrecv                                                           false      3803         1         2281         <null>                                                             <null>       <null>          568         
2147483616   geometryrecv                                                       false      32816        1         2281         <null>                                                             <null>       <null>          568         
2147483617   geographyrecv                                                      false      33454        1         2281         <null>                                                             <null>       <null>          568         
2147483600   voidrecv                                                           false      2278         1         2281         <null>                                                             <null>       <null>          568         
2147483606   recordrecv                                                         false      2249         1         2281         <null>                                                             <null>       <null>          568         
2147483607   oidvectorrecv                                                      false      30           1         2281         <null>                                                             <null>       <null>          568         
2147483646   array_recv                                                         false      1000         3         2281 26 23   <null>                                                             <null>       <null>          568         
2147483644   array_recv                                                         false      1001         3         2281 26 23   <null>                                                             <null>       <null>          568         
2147483643   array_recv                                                         false      1002         3         2281 26 23   <null>                                                             <null>       <null>          568         
2147483637   array_recv                                                         false      1005         3         2281 26 23   <null>                                                             <null>       <null>          568         
2147483636   array_recv                                                         false      1007         3         2281 26 23   <null>                                                             <null>       <null>          568         
2147483630   array_recv                                                         false      1009         3         2281 26 23   <null>                                                             <null>       <null>          568         
2147483632   array_recv                                                         false      1028         3         2281 26 23   <null>                                                             <null>       <null>          568         
2147483645   array_recv                                                         false      1014         3         2281 26 23   <null>                                                             <null>       <null>          568         
2147483627   array_recv                                                         false      1015         3         2281 26 23   <null>                                                             <null>       <null>          568         
2147483635   array_recv                                                         false      1016         3         2281 26 23   <null>                                                             <null>       <null>          568         
2147483641   array_recv                                                         false      1021         3         2281 26 23   <null>                                                             <null>       <null>          568         
2147483640   array_recv                                                         false      1022         3         2281 26 23   <null>                                                             <null>       <null>          568         
2147483633   array_recv                                                         false      1031         3         2281 26 23   <null>                                                             <null>       <null>          568         
2147483628   array_recv                                                         false      1115         3         2281 26 23   <null>                                                             <null>       <null>          568         
2147483642   array_recv                                                         false      1182         3         2281 26 23   <null>                                                             <null>       <null>          568         
2147483629   array_recv                                                         false      1183         3         2281 26 23   <null>                                                             <null>       <null>          568         
2147483634   array_recv                                                         false      3811         3         2281 26 23   <null>                                                             <null>       <null>          568         
2147483638   array_recv                                                         false      32824        3         2281 26 23   <null>                                                             <null>       <null>          568         
2147483639   array_recv                                                         false      33462        3         2281 26 23   <null>                                                             <null>       <null>          568         
2147483626   array_recv                                                         false      143          3         2281 26 23   <null>                                                             <null>       <null>          568         
2147483631   array_recv                                                         false      2287         3         2281 26 23   <null>                                                             <null>       <null>          568         
2147483614   int2vectorrecv                                                     false      22           1         2281         <null>                                                             <null>       <null>          568         
Row Count : 98
getColumnName   getColumnType  getCatalogName  getColumnClassName  getColumnLabel  getColumnTypeName  getSchemaName  getTableName  getColumnDisplaySize  getPrecision  getScale  isAutoIncrement  isCaseSensitive  isCurrency  isDefinitelyWritable  isNullable  isReadOnly  isSearchable  isSigned  isWritable  
oid             4                              java.lang.Integer   oid             int4                              pg_proc       11                    10            0         false            false            false       false                 1           false       true          true      true        
proname         12                             java.lang.String    proname         varchar                           pg_proc       4000                  4000          0         false            true             false       false                 1           false       true          false     true        
proretset       -7                             java.lang.Boolean   proretset       bool                              pg_proc       1                     1             0         false            false            false       false                 1           false       true          false     true        
prorettype      4                              java.lang.Integer   prorettype      int4                              pg_proc       11                    10            0         false            false            false       false                 1           false       true          true      true        
pronargs        5                              java.lang.Integer   pronargs        int2                              pg_proc       6                     5             0         false            false            false       false                 1           false       true          true      true        
proargtypes     1111                           java.lang.Object    proargtypes     oidvector                         pg_proc       10                    10            0         false            false            false       false                 1           false       true          false     true        
proargnames     2003                           java.sql.Array      proargnames     _text                             pg_proc       2147483647            2147483647    0         false            true             false       false                 1           false       true          false     true        
proargmodes     2003                           java.sql.Array      proargmodes     _char                             pg_proc       1                     1             0         false            true             false       false                 1           false       true          false     true        
proallargtypes  2003                           java.sql.Array      proallargtypes  _oid                              pg_proc       10                    10            0         false            false            false       false                 1           false       true          false     true        
pronamespace    4                              java.lang.Integer   pronamespace    int4                              pg_proc       11                    10            0         false            false            false       false                 1           false       true          true      true        
